-----General parameters-----
model=ResNet18qat
dataset=FaceForensic
num_classes=2
dataset_path=/home/zhiyong/Git/dct-cryptonets/dct-cryptonets/dataset/FaceForensic
checkpoint_dir=/home/zhiyong/Git/dct-cryptonets/dct-cryptonets/checkpoint/faceforensic/non_dct
resume=
-----Training parameters-----
epochs=3
batch_size=128
test_batch_size=256
num_workers=4
optimizer=adam
lr=0.001
weight_decay=1e-5
grad_clip_value=0.1
dropout=0.2
schedule=[5, 10, 10]
checkpoint_save_freq=5
bit_width=4
-----DCT parameters-----
dct_status=N
image_size=448


Using GPU: True

Checkpoint dir: /home/zhiyong/Git/dct-cryptonets/dct-cryptonets/checkpoint/faceforensic/non_dct
Number Parameters: 11177569

============Model Summary============
=============================================================================================================================
Layer (type:depth-idx)                                                      Output Shape              Param #
=============================================================================================================================
ResNetQDCT                                                                  [1, 512]                  --
├─Sequential: 1-1                                                           [1, 512]                  --
│    └─QuantIdentity: 2-1                                                   [1, 3, 448, 448]          --
│    │    └─ActQuantProxyFromInjector: 3-1                                  [1, 3, 448, 448]          --
│    │    └─ActQuantProxyFromInjector: 3-2                                  [1, 3, 448, 448]          1
│    └─QuantIdentity: 2-73                                                  --                        (recursive)
│    │    └─ActQuantProxyFromInjector: 3-133                                --                        (recursive)
│    └─QuantIdentity: 2-3                                                   --                        (recursive)
│    │    └─ActQuantProxyFromInjector: 3-4                                  --                        (recursive)
│    └─QuantConv2d: 2-4                                                     [1, 64, 224, 224]         --
│    │    └─ActQuantProxyFromInjector: 3-5                                  [1, 3, 448, 448]          --
│    │    └─WeightQuantProxyFromInjector: 3-6                               [64, 3, 7, 7]             9,408
│    │    └─ActQuantProxyFromInjector: 3-7                                  [1, 64, 224, 224]         --
│    └─BatchNorm2d: 2-5                                                     [1, 64, 224, 224]         128
│    └─QuantReLU: 2-6                                                       [1, 64, 224, 224]         --
│    │    └─ActQuantProxyFromInjector: 3-8                                  [1, 64, 224, 224]         --
│    │    └─ActQuantProxyFromInjector: 3-9                                  [1, 64, 224, 224]         1
│    └─QuantIdentity: 2-73                                                  --                        (recursive)
│    │    └─ActQuantProxyFromInjector: 3-133                                --                        (recursive)
│    └─QuantReLU: 2-8                                                       --                        (recursive)
│    │    └─ActQuantProxyFromInjector: 3-11                                 --                        (recursive)
│    └─MaxPool2d: 2-9                                                       [1, 64, 112, 112]         --
│    └─QuantIdentity: 2-10                                                  [1, 64, 112, 112]         --
│    │    └─ActQuantProxyFromInjector: 3-12                                 [1, 64, 112, 112]         --
│    │    └─ActQuantProxyFromInjector: 3-13                                 [1, 64, 112, 112]         1
│    └─QuantIdentity: 2-73                                                  --                        (recursive)
│    │    └─ActQuantProxyFromInjector: 3-133                                --                        (recursive)
│    └─QuantIdentity: 2-12                                                  --                        (recursive)
│    │    └─ActQuantProxyFromInjector: 3-15                                 --                        (recursive)
│    └─SimpleQBlock: 2-13                                                   [1, 64, 112, 112]         36,994
│    │    └─QuantConv2d: 3-16                                               [1, 64, 112, 112]         36,864
│    │    └─BatchNorm2d: 3-17                                               [1, 64, 112, 112]         128
│    │    └─QuantReLU: 3-18                                                 [1, 64, 112, 112]         1
│    └─QuantIdentity: 2-73                                                  --                        (recursive)
│    │    └─ActQuantProxyFromInjector: 3-133                                --                        (recursive)
│    └─SimpleQBlock: 2-19                                                   --                        (recursive)
│    │    └─QuantReLU: 3-20                                                 --                        (recursive)
│    │    └─QuantConv2d: 3-21                                               [1, 64, 112, 112]         36,864
│    │    └─BatchNorm2d: 3-22                                               [1, 64, 112, 112]         128
│    │    └─QuantIdentity: 3-23                                             [1, 64, 112, 112]         1
│    └─QuantIdentity: 2-73                                                  --                        (recursive)
│    │    └─ActQuantProxyFromInjector: 3-133                                --                        (recursive)
│    └─SimpleQBlock: 2-19                                                   --                        (recursive)
│    │    └─QuantIdentity: 3-25                                             --                        (recursive)
│    │    └─QuantReLU: 3-26                                                 [1, 64, 112, 112]         1
│    └─QuantIdentity: 2-73                                                  --                        (recursive)
│    │    └─ActQuantProxyFromInjector: 3-133                                --                        (recursive)
│    └─SimpleQBlock: 2-19                                                   --                        (recursive)
│    │    └─QuantReLU: 3-28                                                 --                        (recursive)
│    └─SimpleQBlock: 2-20                                                   [1, 64, 112, 112]         36,994
│    │    └─QuantConv2d: 3-29                                               [1, 64, 112, 112]         36,864
│    │    └─BatchNorm2d: 3-30                                               [1, 64, 112, 112]         128
│    │    └─QuantReLU: 3-31                                                 [1, 64, 112, 112]         1
│    └─QuantIdentity: 2-73                                                  --                        (recursive)
│    │    └─ActQuantProxyFromInjector: 3-133                                --                        (recursive)
│    └─SimpleQBlock: 2-26                                                   --                        (recursive)
│    │    └─QuantReLU: 3-33                                                 --                        (recursive)
│    │    └─QuantConv2d: 3-34                                               [1, 64, 112, 112]         36,864
│    │    └─BatchNorm2d: 3-35                                               [1, 64, 112, 112]         128
│    │    └─QuantIdentity: 3-36                                             [1, 64, 112, 112]         1
│    └─QuantIdentity: 2-73                                                  --                        (recursive)
│    │    └─ActQuantProxyFromInjector: 3-133                                --                        (recursive)
│    └─SimpleQBlock: 2-26                                                   --                        (recursive)
│    │    └─QuantIdentity: 3-38                                             --                        (recursive)
│    │    └─QuantReLU: 3-39                                                 [1, 64, 112, 112]         1
│    └─QuantIdentity: 2-73                                                  --                        (recursive)
│    │    └─ActQuantProxyFromInjector: 3-133                                --                        (recursive)
│    └─SimpleQBlock: 2-26                                                   --                        (recursive)
│    │    └─QuantReLU: 3-41                                                 --                        (recursive)
│    └─SimpleQBlock: 2-27                                                   [1, 128, 56, 56]          156,163
│    │    └─QuantConv2d: 3-42                                               [1, 128, 56, 56]          73,728
│    │    └─BatchNorm2d: 3-43                                               [1, 128, 56, 56]          256
│    │    └─QuantReLU: 3-44                                                 [1, 128, 56, 56]          1
│    └─QuantIdentity: 2-73                                                  --                        (recursive)
│    │    └─ActQuantProxyFromInjector: 3-133                                --                        (recursive)
│    └─SimpleQBlock: 2-35                                                   --                        (recursive)
│    │    └─QuantReLU: 3-46                                                 --                        (recursive)
│    │    └─QuantConv2d: 3-47                                               [1, 128, 56, 56]          147,456
│    │    └─BatchNorm2d: 3-48                                               [1, 128, 56, 56]          256
│    │    └─QuantIdentity: 3-49                                             [1, 128, 56, 56]          1
│    └─QuantIdentity: 2-73                                                  --                        (recursive)
│    │    └─ActQuantProxyFromInjector: 3-133                                --                        (recursive)
│    └─SimpleQBlock: 2-35                                                   --                        (recursive)
│    │    └─QuantIdentity: 3-51                                             --                        (recursive)
│    │    └─QuantConv2d: 3-52                                               [1, 128, 56, 56]          8,192
│    │    └─BatchNorm2d: 3-53                                               [1, 128, 56, 56]          256
│    │    └─QuantIdentity: 3-54                                             [1, 128, 56, 56]          1
│    └─QuantIdentity: 2-73                                                  --                        (recursive)
│    │    └─ActQuantProxyFromInjector: 3-133                                --                        (recursive)
│    └─SimpleQBlock: 2-35                                                   --                        (recursive)
│    │    └─QuantIdentity: 3-56                                             --                        (recursive)
│    │    └─QuantReLU: 3-57                                                 [1, 128, 56, 56]          1
│    └─QuantIdentity: 2-73                                                  --                        (recursive)
│    │    └─ActQuantProxyFromInjector: 3-133                                --                        (recursive)
│    └─SimpleQBlock: 2-35                                                   --                        (recursive)
│    │    └─QuantReLU: 3-59                                                 --                        (recursive)
│    └─SimpleQBlock: 2-36                                                   [1, 128, 56, 56]          147,714
│    │    └─QuantConv2d: 3-60                                               [1, 128, 56, 56]          147,456
│    │    └─BatchNorm2d: 3-61                                               [1, 128, 56, 56]          256
│    │    └─QuantReLU: 3-62                                                 [1, 128, 56, 56]          1
│    └─QuantIdentity: 2-73                                                  --                        (recursive)
│    │    └─ActQuantProxyFromInjector: 3-133                                --                        (recursive)
│    └─SimpleQBlock: 2-42                                                   --                        (recursive)
│    │    └─QuantReLU: 3-64                                                 --                        (recursive)
│    │    └─QuantConv2d: 3-65                                               [1, 128, 56, 56]          147,456
│    │    └─BatchNorm2d: 3-66                                               [1, 128, 56, 56]          256
│    │    └─QuantIdentity: 3-67                                             [1, 128, 56, 56]          1
│    └─QuantIdentity: 2-73                                                  --                        (recursive)
│    │    └─ActQuantProxyFromInjector: 3-133                                --                        (recursive)
│    └─SimpleQBlock: 2-42                                                   --                        (recursive)
│    │    └─QuantIdentity: 3-69                                             --                        (recursive)
│    │    └─QuantReLU: 3-70                                                 [1, 128, 56, 56]          1
│    └─QuantIdentity: 2-73                                                  --                        (recursive)
│    │    └─ActQuantProxyFromInjector: 3-133                                --                        (recursive)
│    └─SimpleQBlock: 2-42                                                   --                        (recursive)
│    │    └─QuantReLU: 3-72                                                 --                        (recursive)
│    └─SimpleQBlock: 2-43                                                   [1, 256, 28, 28]          623,619
│    │    └─QuantConv2d: 3-73                                               [1, 256, 28, 28]          294,912
│    │    └─BatchNorm2d: 3-74                                               [1, 256, 28, 28]          512
│    │    └─QuantReLU: 3-75                                                 [1, 256, 28, 28]          1
│    └─QuantIdentity: 2-73                                                  --                        (recursive)
│    │    └─ActQuantProxyFromInjector: 3-133                                --                        (recursive)
│    └─SimpleQBlock: 2-51                                                   --                        (recursive)
│    │    └─QuantReLU: 3-77                                                 --                        (recursive)
│    │    └─QuantConv2d: 3-78                                               [1, 256, 28, 28]          589,824
│    │    └─BatchNorm2d: 3-79                                               [1, 256, 28, 28]          512
│    │    └─QuantIdentity: 3-80                                             [1, 256, 28, 28]          1
│    └─QuantIdentity: 2-73                                                  --                        (recursive)
│    │    └─ActQuantProxyFromInjector: 3-133                                --                        (recursive)
│    └─SimpleQBlock: 2-51                                                   --                        (recursive)
│    │    └─QuantIdentity: 3-82                                             --                        (recursive)
│    │    └─QuantConv2d: 3-83                                               [1, 256, 28, 28]          32,768
│    │    └─BatchNorm2d: 3-84                                               [1, 256, 28, 28]          512
│    │    └─QuantIdentity: 3-85                                             [1, 256, 28, 28]          1
│    └─QuantIdentity: 2-73                                                  --                        (recursive)
│    │    └─ActQuantProxyFromInjector: 3-133                                --                        (recursive)
│    └─SimpleQBlock: 2-51                                                   --                        (recursive)
│    │    └─QuantIdentity: 3-87                                             --                        (recursive)
│    │    └─QuantReLU: 3-88                                                 [1, 256, 28, 28]          1
│    └─QuantIdentity: 2-73                                                  --                        (recursive)
│    │    └─ActQuantProxyFromInjector: 3-133                                --                        (recursive)
│    └─SimpleQBlock: 2-51                                                   --                        (recursive)
│    │    └─QuantReLU: 3-90                                                 --                        (recursive)
│    └─SimpleQBlock: 2-52                                                   [1, 256, 28, 28]          590,338
│    │    └─QuantConv2d: 3-91                                               [1, 256, 28, 28]          589,824
│    │    └─BatchNorm2d: 3-92                                               [1, 256, 28, 28]          512
│    │    └─QuantReLU: 3-93                                                 [1, 256, 28, 28]          1
│    └─QuantIdentity: 2-73                                                  --                        (recursive)
│    │    └─ActQuantProxyFromInjector: 3-133                                --                        (recursive)
│    └─SimpleQBlock: 2-58                                                   --                        (recursive)
│    │    └─QuantReLU: 3-95                                                 --                        (recursive)
│    │    └─QuantConv2d: 3-96                                               [1, 256, 28, 28]          589,824
│    │    └─BatchNorm2d: 3-97                                               [1, 256, 28, 28]          512
│    │    └─QuantIdentity: 3-98                                             [1, 256, 28, 28]          1
│    └─QuantIdentity: 2-73                                                  --                        (recursive)
│    │    └─ActQuantProxyFromInjector: 3-133                                --                        (recursive)
│    └─SimpleQBlock: 2-58                                                   --                        (recursive)
│    │    └─QuantIdentity: 3-100                                            --                        (recursive)
│    │    └─QuantReLU: 3-101                                                [1, 256, 28, 28]          1
│    └─QuantIdentity: 2-73                                                  --                        (recursive)
│    │    └─ActQuantProxyFromInjector: 3-133                                --                        (recursive)
│    └─SimpleQBlock: 2-58                                                   --                        (recursive)
│    │    └─QuantReLU: 3-103                                                --                        (recursive)
│    └─SimpleQBlock: 2-59                                                   [1, 512, 14, 14]          2,492,419
│    │    └─QuantConv2d: 3-104                                              [1, 512, 14, 14]          1,179,648
│    │    └─BatchNorm2d: 3-105                                              [1, 512, 14, 14]          1,024
│    │    └─QuantReLU: 3-106                                                [1, 512, 14, 14]          1
│    └─QuantIdentity: 2-73                                                  --                        (recursive)
│    │    └─ActQuantProxyFromInjector: 3-133                                --                        (recursive)
│    └─SimpleQBlock: 2-67                                                   --                        (recursive)
│    │    └─QuantReLU: 3-108                                                --                        (recursive)
│    │    └─QuantConv2d: 3-109                                              [1, 512, 14, 14]          2,359,296
│    │    └─BatchNorm2d: 3-110                                              [1, 512, 14, 14]          1,024
│    │    └─QuantIdentity: 3-111                                            [1, 512, 14, 14]          1
│    └─QuantIdentity: 2-73                                                  --                        (recursive)
│    │    └─ActQuantProxyFromInjector: 3-133                                --                        (recursive)
│    └─SimpleQBlock: 2-67                                                   --                        (recursive)
│    │    └─QuantIdentity: 3-113                                            --                        (recursive)
│    │    └─QuantConv2d: 3-114                                              [1, 512, 14, 14]          131,072
│    │    └─BatchNorm2d: 3-115                                              [1, 512, 14, 14]          1,024
│    │    └─QuantIdentity: 3-116                                            [1, 512, 14, 14]          1
│    └─QuantIdentity: 2-73                                                  --                        (recursive)
│    │    └─ActQuantProxyFromInjector: 3-133                                --                        (recursive)
│    └─SimpleQBlock: 2-67                                                   --                        (recursive)
│    │    └─QuantIdentity: 3-118                                            --                        (recursive)
│    │    └─QuantReLU: 3-119                                                [1, 512, 14, 14]          1
│    └─QuantIdentity: 2-73                                                  --                        (recursive)
│    │    └─ActQuantProxyFromInjector: 3-133                                --                        (recursive)
│    └─SimpleQBlock: 2-67                                                   --                        (recursive)
│    │    └─QuantReLU: 3-121                                                --                        (recursive)
│    └─SimpleQBlock: 2-68                                                   [1, 512, 14, 14]          2,360,322
│    │    └─QuantConv2d: 3-122                                              [1, 512, 14, 14]          2,359,296
│    │    └─BatchNorm2d: 3-123                                              [1, 512, 14, 14]          1,024
│    │    └─QuantReLU: 3-124                                                [1, 512, 14, 14]          1
│    └─QuantIdentity: 2-73                                                  --                        (recursive)
│    │    └─ActQuantProxyFromInjector: 3-133                                --                        (recursive)
│    └─SimpleQBlock: 2-74                                                   --                        (recursive)
│    │    └─QuantReLU: 3-126                                                --                        (recursive)
│    │    └─QuantConv2d: 3-127                                              [1, 512, 14, 14]          2,359,296
│    │    └─BatchNorm2d: 3-128                                              [1, 512, 14, 14]          1,024
│    │    └─QuantIdentity: 3-129                                            [1, 512, 14, 14]          1
│    └─QuantIdentity: 2-73                                                  --                        (recursive)
│    │    └─ActQuantProxyFromInjector: 3-133                                --                        (recursive)
│    └─SimpleQBlock: 2-74                                                   --                        (recursive)
│    │    └─QuantIdentity: 3-131                                            --                        (recursive)
│    │    └─QuantReLU: 3-132                                                [1, 512, 14, 14]          1
│    └─QuantIdentity: 2-73                                                  --                        (recursive)
│    │    └─ActQuantProxyFromInjector: 3-133                                --                        (recursive)
│    └─SimpleQBlock: 2-74                                                   --                        (recursive)
│    │    └─QuantReLU: 3-134                                                --                        (recursive)
│    └─AvgPool2d: 2-75                                                      [1, 512, 1, 1]            --
│    └─QuantIdentity: 2-76                                                  [1, 512, 1, 1]            --
│    │    └─ActQuantProxyFromInjector: 3-135                                [1, 512, 1, 1]            --
│    │    └─ActQuantProxyFromInjector: 3-136                                [1, 512, 1, 1]            1
│    └─Flatten: 2-77                                                        [1, 512]                  --
=============================================================================================================================
Total params: 17,621,106
Trainable params: 17,621,106
Non-trainable params: 0
Total mult-adds (M): 0.01
=============================================================================================================================
Input size (MB): 2.41
Forward/backward pass size (MB): 79.48
Params size (MB): 0.04
Estimated Total Size (MB): 81.93
=============================================================================================================================

Epoch: [1 | 3] LR: 0.001
[0/264] Avg. Train Loss: 0.708 | Top-1 Acc: 45.312% | Top-5 Acc: 0.000%
[26/264] Avg. Train Loss: 0.624 | Top-1 Acc: 74.132% | Top-5 Acc: 0.000%
[52/264] Avg. Train Loss: 0.506 | Top-1 Acc: 78.611% | Top-5 Acc: 0.000%
[78/264] Avg. Train Loss: 0.459 | Top-1 Acc: 80.113% | Top-5 Acc: 0.000%
[104/264] Avg. Train Loss: 0.435 | Top-1 Acc: 80.930% | Top-5 Acc: 0.000%
[130/264] Avg. Train Loss: 0.408 | Top-1 Acc: 82.288% | Top-5 Acc: 0.000%
[156/264] Avg. Train Loss: 0.389 | Top-1 Acc: 83.275% | Top-5 Acc: 0.000%
[182/264] Avg. Train Loss: 0.380 | Top-1 Acc: 83.611% | Top-5 Acc: 0.000%
[208/264] Avg. Train Loss: 0.364 | Top-1 Acc: 84.382% | Top-5 Acc: 0.000%
[234/264] Avg. Train Loss: 0.354 | Top-1 Acc: 84.900% | Top-5 Acc: 0.000%
[260/264] Avg. Train Loss: 0.344 | Top-1 Acc: 85.345% | Top-5 Acc: 0.000%
Time for training epoch 0: 60.24 minutes
Avg. Val Loss: 0.129 | Top-1 Acc: 95.838% | Top-5 Acc: 0.000%
Time for validation epoch 0: 0.51 minutes

Epoch: [2 | 3] LR: 0.001
[0/264] Avg. Train Loss: 0.171 | Top-1 Acc: 93.750% | Top-5 Acc: 0.000%
[26/264] Avg. Train Loss: 0.235 | Top-1 Acc: 91.348% | Top-5 Acc: 0.000%
[52/264] Avg. Train Loss: 0.228 | Top-1 Acc: 91.274% | Top-5 Acc: 0.000%
[78/264] Avg. Train Loss: 0.226 | Top-1 Acc: 91.436% | Top-5 Acc: 0.000%
[104/264] Avg. Train Loss: 0.220 | Top-1 Acc: 91.555% | Top-5 Acc: 0.000%
[130/264] Avg. Train Loss: 0.222 | Top-1 Acc: 91.442% | Top-5 Acc: 0.000%
[156/264] Avg. Train Loss: 0.219 | Top-1 Acc: 91.511% | Top-5 Acc: 0.000%
[182/264] Avg. Train Loss: 0.214 | Top-1 Acc: 91.564% | Top-5 Acc: 0.000%
[208/264] Avg. Train Loss: 0.209 | Top-1 Acc: 91.810% | Top-5 Acc: 0.000%
[234/264] Avg. Train Loss: 0.206 | Top-1 Acc: 91.925% | Top-5 Acc: 0.000%
[260/264] Avg. Train Loss: 0.200 | Top-1 Acc: 92.134% | Top-5 Acc: 0.000%
Time for training epoch 1: 11.21 minutes
Avg. Val Loss: 0.070 | Top-1 Acc: 97.489% | Top-5 Acc: 0.000%
Time for validation epoch 1: 0.50 minutes

Epoch: [3 | 3] LR: 0.001
[0/264] Avg. Train Loss: 0.150 | Top-1 Acc: 94.531% | Top-5 Acc: 0.000%
[26/264] Avg. Train Loss: 0.166 | Top-1 Acc: 93.692% | Top-5 Acc: 0.000%
[52/264] Avg. Train Loss: 0.157 | Top-1 Acc: 93.986% | Top-5 Acc: 0.000%
[78/264] Avg. Train Loss: 0.161 | Top-1 Acc: 93.879% | Top-5 Acc: 0.000%
[104/264] Avg. Train Loss: 0.163 | Top-1 Acc: 93.743% | Top-5 Acc: 0.000%
[130/264] Avg. Train Loss: 0.166 | Top-1 Acc: 93.577% | Top-5 Acc: 0.000%
[156/264] Avg. Train Loss: 0.164 | Top-1 Acc: 93.675% | Top-5 Acc: 0.000%
[182/264] Avg. Train Loss: 0.160 | Top-1 Acc: 93.882% | Top-5 Acc: 0.000%
[208/264] Avg. Train Loss: 0.156 | Top-1 Acc: 94.045% | Top-5 Acc: 0.000%
[234/264] Avg. Train Loss: 0.156 | Top-1 Acc: 94.036% | Top-5 Acc: 0.000%
[260/264] Avg. Train Loss: 0.153 | Top-1 Acc: 94.154% | Top-5 Acc: 0.000%
Time for training epoch 2: 3.50 minutes
Avg. Val Loss: 0.057 | Top-1 Acc: 97.594% | Top-5 Acc: 0.000%
Time for validation epoch 2: 0.48 minutes

Testing on best model...
Loaded best model /home/zhiyong/Git/dct-cryptonets/dct-cryptonets/checkpoint/faceforensic/non_dct/best.tar (epoch 2)
Avg. Val Loss: 0.057 | Acc: 8395/8602 (97.59%)
Avg. Test Loss: 0.057 | Acc: 8395/8602 (97.59%)
Done
