-----General parameters-----
model=ResNet50qat
dataset=FaceForensic
num_classes=2
dataset_path=/home/zhiyong/Git/dct-cryptonets/dct-cryptonets/dataset/FaceForensic
checkpoint_dir=/home/zhiyong/Git/dct-cryptonets/dct-cryptonets/checkpoint/faceforensic/resnet50_qat_dct
resume=
-----Training parameters-----
epochs=3
batch_size=128
test_batch_size=256
num_workers=4
optimizer=adam
lr=0.001
weight_decay=1e-5
grad_clip_value=0.1
dropout=0.2
schedule=[5, 10, 10]
checkpoint_save_freq=5
bit_width=4
-----DCT parameters-----
dct_status=Y
image_size=56
filter_size=8
dct_pattern=default
channels=24

Using GPU: True

Checkpoint dir: /home/zhiyong/Git/dct-cryptonets/dct-cryptonets/checkpoint/faceforensic/resnet50_qat_dct
/home/zhiyong/miniconda3/envs/dct-cryptonets/lib/python3.9/site-packages/torch/cuda/__init__.py:497: UserWarning: Can't initialize NVML
  warnings.warn("Can't initialize NVML")
Number Parameters: 23504329

============Model Summary============
=============================================================================================================================
Layer (type:depth-idx)                                                      Output Shape              Param #
=============================================================================================================================
ResNetQDCT                                                                  [1, 2048]                 --
├─Sequential: 1-1                                                           [1, 2048]                 --
│    └─QuantIdentity: 2-1                                                   [1, 24, 56, 56]           --
│    │    └─ActQuantProxyFromInjector: 3-1                                  [1, 24, 56, 56]           --
│    │    └─ActQuantProxyFromInjector: 3-2                                  [1, 24, 56, 56]           1
│    └─QuantIdentity: 2-159                                                 --                        (recursive)
│    │    └─ActQuantProxyFromInjector: 3-318                                --                        (recursive)
│    └─QuantIdentity: 2-3                                                   --                        (recursive)
│    │    └─ActQuantProxyFromInjector: 3-4                                  --                        (recursive)
│    └─QuantConv2d: 2-4                                                     [1, 64, 56, 56]           --
│    │    └─ActQuantProxyFromInjector: 3-5                                  [1, 24, 56, 56]           --
│    │    └─WeightQuantProxyFromInjector: 3-6                               [64, 24, 1, 1]            1,536
│    │    └─ActQuantProxyFromInjector: 3-7                                  [1, 64, 56, 56]           --
│    └─BatchNorm2d: 2-5                                                     [1, 64, 56, 56]           128
│    └─QuantIdentity: 2-6                                                   [1, 64, 56, 56]           --
│    │    └─ActQuantProxyFromInjector: 3-8                                  [1, 64, 56, 56]           --
│    │    └─ActQuantProxyFromInjector: 3-9                                  [1, 64, 56, 56]           1
│    └─QuantIdentity: 2-159                                                 --                        (recursive)
│    │    └─ActQuantProxyFromInjector: 3-318                                --                        (recursive)
│    └─QuantIdentity: 2-8                                                   --                        (recursive)
│    │    └─ActQuantProxyFromInjector: 3-11                                 --                        (recursive)
│    └─BottleneckQBlock: 2-9                                                [1, 256, 56, 56]          70,788
│    │    └─QuantConv2d: 3-12                                               [1, 64, 56, 56]           4,096
│    │    └─BatchNorm2d: 3-13                                               [1, 64, 56, 56]           128
│    │    └─QuantReLU: 3-14                                                 [1, 64, 56, 56]           1
│    └─QuantIdentity: 2-159                                                 --                        (recursive)
│    │    └─ActQuantProxyFromInjector: 3-318                                --                        (recursive)
│    └─BottleneckQBlock: 2-19                                               --                        (recursive)
│    │    └─QuantReLU: 3-16                                                 --                        (recursive)
│    │    └─QuantConv2d: 3-17                                               [1, 64, 56, 56]           36,864
│    │    └─BatchNorm2d: 3-18                                               [1, 64, 56, 56]           128
│    │    └─QuantReLU: 3-19                                                 [1, 64, 56, 56]           1
│    └─QuantIdentity: 2-159                                                 --                        (recursive)
│    │    └─ActQuantProxyFromInjector: 3-318                                --                        (recursive)
│    └─BottleneckQBlock: 2-19                                               --                        (recursive)
│    │    └─QuantReLU: 3-21                                                 --                        (recursive)
│    │    └─QuantConv2d: 3-22                                               [1, 256, 56, 56]          16,384
│    │    └─BatchNorm2d: 3-23                                               [1, 256, 56, 56]          512
│    │    └─QuantIdentity: 3-24                                             [1, 256, 56, 56]          1
│    └─QuantIdentity: 2-159                                                 --                        (recursive)
│    │    └─ActQuantProxyFromInjector: 3-318                                --                        (recursive)
│    └─BottleneckQBlock: 2-19                                               --                        (recursive)
│    │    └─QuantIdentity: 3-26                                             --                        (recursive)
│    │    └─QuantConv2d: 3-27                                               [1, 256, 56, 56]          16,384
│    │    └─BatchNorm2d: 3-28                                               [1, 256, 56, 56]          512
│    │    └─QuantIdentity: 3-29                                             [1, 256, 56, 56]          1
│    └─QuantIdentity: 2-159                                                 --                        (recursive)
│    │    └─ActQuantProxyFromInjector: 3-318                                --                        (recursive)
│    └─BottleneckQBlock: 2-19                                               --                        (recursive)
│    │    └─QuantIdentity: 3-31                                             --                        (recursive)
│    │    └─QuantReLU: 3-32                                                 [1, 256, 56, 56]          1
│    └─QuantIdentity: 2-159                                                 --                        (recursive)
│    │    └─ActQuantProxyFromInjector: 3-318                                --                        (recursive)
│    └─BottleneckQBlock: 2-19                                               --                        (recursive)
│    │    └─QuantReLU: 3-34                                                 --                        (recursive)
│    └─BottleneckQBlock: 2-20                                               [1, 256, 56, 56]          53,891
│    │    └─QuantConv2d: 3-35                                               [1, 64, 56, 56]           16,384
│    │    └─BatchNorm2d: 3-36                                               [1, 64, 56, 56]           128
│    │    └─QuantReLU: 3-37                                                 [1, 64, 56, 56]           1
│    └─QuantIdentity: 2-159                                                 --                        (recursive)
│    │    └─ActQuantProxyFromInjector: 3-318                                --                        (recursive)
│    └─BottleneckQBlock: 2-28                                               --                        (recursive)
│    │    └─QuantReLU: 3-39                                                 --                        (recursive)
│    │    └─QuantConv2d: 3-40                                               [1, 64, 56, 56]           36,864
│    │    └─BatchNorm2d: 3-41                                               [1, 64, 56, 56]           128
│    │    └─QuantReLU: 3-42                                                 [1, 64, 56, 56]           1
│    └─QuantIdentity: 2-159                                                 --                        (recursive)
│    │    └─ActQuantProxyFromInjector: 3-318                                --                        (recursive)
│    └─BottleneckQBlock: 2-28                                               --                        (recursive)
│    │    └─QuantReLU: 3-44                                                 --                        (recursive)
│    │    └─QuantConv2d: 3-45                                               [1, 256, 56, 56]          16,384
│    │    └─BatchNorm2d: 3-46                                               [1, 256, 56, 56]          512
│    │    └─QuantIdentity: 3-47                                             [1, 256, 56, 56]          1
│    └─QuantIdentity: 2-159                                                 --                        (recursive)
│    │    └─ActQuantProxyFromInjector: 3-318                                --                        (recursive)
│    └─BottleneckQBlock: 2-28                                               --                        (recursive)
│    │    └─QuantIdentity: 3-49                                             --                        (recursive)
│    │    └─QuantReLU: 3-50                                                 [1, 256, 56, 56]          1
│    └─QuantIdentity: 2-159                                                 --                        (recursive)
│    │    └─ActQuantProxyFromInjector: 3-318                                --                        (recursive)
│    └─BottleneckQBlock: 2-28                                               --                        (recursive)
│    │    └─QuantReLU: 3-52                                                 --                        (recursive)
│    └─BottleneckQBlock: 2-29                                               [1, 256, 56, 56]          53,891
│    │    └─QuantConv2d: 3-53                                               [1, 64, 56, 56]           16,384
│    │    └─BatchNorm2d: 3-54                                               [1, 64, 56, 56]           128
│    │    └─QuantReLU: 3-55                                                 [1, 64, 56, 56]           1
│    └─QuantIdentity: 2-159                                                 --                        (recursive)
│    │    └─ActQuantProxyFromInjector: 3-318                                --                        (recursive)
│    └─BottleneckQBlock: 2-37                                               --                        (recursive)
│    │    └─QuantReLU: 3-57                                                 --                        (recursive)
│    │    └─QuantConv2d: 3-58                                               [1, 64, 56, 56]           36,864
│    │    └─BatchNorm2d: 3-59                                               [1, 64, 56, 56]           128
│    │    └─QuantReLU: 3-60                                                 [1, 64, 56, 56]           1
│    └─QuantIdentity: 2-159                                                 --                        (recursive)
│    │    └─ActQuantProxyFromInjector: 3-318                                --                        (recursive)
│    └─BottleneckQBlock: 2-37                                               --                        (recursive)
│    │    └─QuantReLU: 3-62                                                 --                        (recursive)
│    │    └─QuantConv2d: 3-63                                               [1, 256, 56, 56]          16,384
│    │    └─BatchNorm2d: 3-64                                               [1, 256, 56, 56]          512
│    │    └─QuantIdentity: 3-65                                             [1, 256, 56, 56]          1
│    └─QuantIdentity: 2-159                                                 --                        (recursive)
│    │    └─ActQuantProxyFromInjector: 3-318                                --                        (recursive)
│    └─BottleneckQBlock: 2-37                                               --                        (recursive)
│    │    └─QuantIdentity: 3-67                                             --                        (recursive)
│    │    └─QuantReLU: 3-68                                                 [1, 256, 56, 56]          1
│    └─QuantIdentity: 2-159                                                 --                        (recursive)
│    │    └─ActQuantProxyFromInjector: 3-318                                --                        (recursive)
│    └─BottleneckQBlock: 2-37                                               --                        (recursive)
│    │    └─QuantReLU: 3-70                                                 --                        (recursive)
│    └─BottleneckQBlock: 2-38                                               [1, 512, 28, 28]          346,372
│    │    └─QuantConv2d: 3-71                                               [1, 128, 56, 56]          32,768
│    │    └─BatchNorm2d: 3-72                                               [1, 128, 56, 56]          256
│    │    └─QuantReLU: 3-73                                                 [1, 128, 56, 56]          1
│    └─QuantIdentity: 2-159                                                 --                        (recursive)
│    │    └─ActQuantProxyFromInjector: 3-318                                --                        (recursive)
│    └─BottleneckQBlock: 2-48                                               --                        (recursive)
│    │    └─QuantReLU: 3-75                                                 --                        (recursive)
│    │    └─QuantConv2d: 3-76                                               [1, 128, 28, 28]          147,456
│    │    └─BatchNorm2d: 3-77                                               [1, 128, 28, 28]          256
│    │    └─QuantReLU: 3-78                                                 [1, 128, 28, 28]          1
│    └─QuantIdentity: 2-159                                                 --                        (recursive)
│    │    └─ActQuantProxyFromInjector: 3-318                                --                        (recursive)
│    └─BottleneckQBlock: 2-48                                               --                        (recursive)
│    │    └─QuantReLU: 3-80                                                 --                        (recursive)
│    │    └─QuantConv2d: 3-81                                               [1, 512, 28, 28]          65,536
│    │    └─BatchNorm2d: 3-82                                               [1, 512, 28, 28]          1,024
│    │    └─QuantIdentity: 3-83                                             [1, 512, 28, 28]          1
│    └─QuantIdentity: 2-159                                                 --                        (recursive)
│    │    └─ActQuantProxyFromInjector: 3-318                                --                        (recursive)
│    └─BottleneckQBlock: 2-48                                               --                        (recursive)
│    │    └─QuantIdentity: 3-85                                             --                        (recursive)
│    │    └─QuantConv2d: 3-86                                               [1, 512, 28, 28]          131,072
│    │    └─BatchNorm2d: 3-87                                               [1, 512, 28, 28]          1,024
│    │    └─QuantIdentity: 3-88                                             [1, 512, 28, 28]          1
│    └─QuantIdentity: 2-159                                                 --                        (recursive)
│    │    └─ActQuantProxyFromInjector: 3-318                                --                        (recursive)
│    └─BottleneckQBlock: 2-48                                               --                        (recursive)
│    │    └─QuantIdentity: 3-90                                             --                        (recursive)
│    │    └─QuantReLU: 3-91                                                 [1, 512, 28, 28]          1
│    └─QuantIdentity: 2-159                                                 --                        (recursive)
│    │    └─ActQuantProxyFromInjector: 3-318                                --                        (recursive)
│    └─BottleneckQBlock: 2-48                                               --                        (recursive)
│    │    └─QuantReLU: 3-93                                                 --                        (recursive)
│    └─BottleneckQBlock: 2-49                                               [1, 512, 28, 28]          214,275
│    │    └─QuantConv2d: 3-94                                               [1, 128, 28, 28]          65,536
│    │    └─BatchNorm2d: 3-95                                               [1, 128, 28, 28]          256
│    │    └─QuantReLU: 3-96                                                 [1, 128, 28, 28]          1
│    └─QuantIdentity: 2-159                                                 --                        (recursive)
│    │    └─ActQuantProxyFromInjector: 3-318                                --                        (recursive)
│    └─BottleneckQBlock: 2-57                                               --                        (recursive)
│    │    └─QuantReLU: 3-98                                                 --                        (recursive)
│    │    └─QuantConv2d: 3-99                                               [1, 128, 28, 28]          147,456
│    │    └─BatchNorm2d: 3-100                                              [1, 128, 28, 28]          256
│    │    └─QuantReLU: 3-101                                                [1, 128, 28, 28]          1
│    └─QuantIdentity: 2-159                                                 --                        (recursive)
│    │    └─ActQuantProxyFromInjector: 3-318                                --                        (recursive)
│    └─BottleneckQBlock: 2-57                                               --                        (recursive)
│    │    └─QuantReLU: 3-103                                                --                        (recursive)
│    │    └─QuantConv2d: 3-104                                              [1, 512, 28, 28]          65,536
│    │    └─BatchNorm2d: 3-105                                              [1, 512, 28, 28]          1,024
│    │    └─QuantIdentity: 3-106                                            [1, 512, 28, 28]          1
│    └─QuantIdentity: 2-159                                                 --                        (recursive)
│    │    └─ActQuantProxyFromInjector: 3-318                                --                        (recursive)
│    └─BottleneckQBlock: 2-57                                               --                        (recursive)
│    │    └─QuantIdentity: 3-108                                            --                        (recursive)
│    │    └─QuantReLU: 3-109                                                [1, 512, 28, 28]          1
│    └─QuantIdentity: 2-159                                                 --                        (recursive)
│    │    └─ActQuantProxyFromInjector: 3-318                                --                        (recursive)
│    └─BottleneckQBlock: 2-57                                               --                        (recursive)
│    │    └─QuantReLU: 3-111                                                --                        (recursive)
│    └─BottleneckQBlock: 2-58                                               [1, 512, 28, 28]          214,275
│    │    └─QuantConv2d: 3-112                                              [1, 128, 28, 28]          65,536
│    │    └─BatchNorm2d: 3-113                                              [1, 128, 28, 28]          256
│    │    └─QuantReLU: 3-114                                                [1, 128, 28, 28]          1
│    └─QuantIdentity: 2-159                                                 --                        (recursive)
│    │    └─ActQuantProxyFromInjector: 3-318                                --                        (recursive)
│    └─BottleneckQBlock: 2-66                                               --                        (recursive)
│    │    └─QuantReLU: 3-116                                                --                        (recursive)
│    │    └─QuantConv2d: 3-117                                              [1, 128, 28, 28]          147,456
│    │    └─BatchNorm2d: 3-118                                              [1, 128, 28, 28]          256
│    │    └─QuantReLU: 3-119                                                [1, 128, 28, 28]          1
│    └─QuantIdentity: 2-159                                                 --                        (recursive)
│    │    └─ActQuantProxyFromInjector: 3-318                                --                        (recursive)
│    └─BottleneckQBlock: 2-66                                               --                        (recursive)
│    │    └─QuantReLU: 3-121                                                --                        (recursive)
│    │    └─QuantConv2d: 3-122                                              [1, 512, 28, 28]          65,536
│    │    └─BatchNorm2d: 3-123                                              [1, 512, 28, 28]          1,024
│    │    └─QuantIdentity: 3-124                                            [1, 512, 28, 28]          1
│    └─QuantIdentity: 2-159                                                 --                        (recursive)
│    │    └─ActQuantProxyFromInjector: 3-318                                --                        (recursive)
│    └─BottleneckQBlock: 2-66                                               --                        (recursive)
│    │    └─QuantIdentity: 3-126                                            --                        (recursive)
│    │    └─QuantReLU: 3-127                                                [1, 512, 28, 28]          1
│    └─QuantIdentity: 2-159                                                 --                        (recursive)
│    │    └─ActQuantProxyFromInjector: 3-318                                --                        (recursive)
│    └─BottleneckQBlock: 2-66                                               --                        (recursive)
│    │    └─QuantReLU: 3-129                                                --                        (recursive)
│    └─BottleneckQBlock: 2-67                                               [1, 512, 28, 28]          214,275
│    │    └─QuantConv2d: 3-130                                              [1, 128, 28, 28]          65,536
│    │    └─BatchNorm2d: 3-131                                              [1, 128, 28, 28]          256
│    │    └─QuantReLU: 3-132                                                [1, 128, 28, 28]          1
│    └─QuantIdentity: 2-159                                                 --                        (recursive)
│    │    └─ActQuantProxyFromInjector: 3-318                                --                        (recursive)
│    └─BottleneckQBlock: 2-75                                               --                        (recursive)
│    │    └─QuantReLU: 3-134                                                --                        (recursive)
│    │    └─QuantConv2d: 3-135                                              [1, 128, 28, 28]          147,456
│    │    └─BatchNorm2d: 3-136                                              [1, 128, 28, 28]          256
│    │    └─QuantReLU: 3-137                                                [1, 128, 28, 28]          1
│    └─QuantIdentity: 2-159                                                 --                        (recursive)
│    │    └─ActQuantProxyFromInjector: 3-318                                --                        (recursive)
│    └─BottleneckQBlock: 2-75                                               --                        (recursive)
│    │    └─QuantReLU: 3-139                                                --                        (recursive)
│    │    └─QuantConv2d: 3-140                                              [1, 512, 28, 28]          65,536
│    │    └─BatchNorm2d: 3-141                                              [1, 512, 28, 28]          1,024
│    │    └─QuantIdentity: 3-142                                            [1, 512, 28, 28]          1
│    └─QuantIdentity: 2-159                                                 --                        (recursive)
│    │    └─ActQuantProxyFromInjector: 3-318                                --                        (recursive)
│    └─BottleneckQBlock: 2-75                                               --                        (recursive)
│    │    └─QuantIdentity: 3-144                                            --                        (recursive)
│    │    └─QuantReLU: 3-145                                                [1, 512, 28, 28]          1
│    └─QuantIdentity: 2-159                                                 --                        (recursive)
│    │    └─ActQuantProxyFromInjector: 3-318                                --                        (recursive)
│    └─BottleneckQBlock: 2-75                                               --                        (recursive)
│    │    └─QuantReLU: 3-147                                                --                        (recursive)
│    └─BottleneckQBlock: 2-76                                               [1, 1024, 14, 14]         1,380,868
│    │    └─QuantConv2d: 3-148                                              [1, 256, 28, 28]          131,072
│    │    └─BatchNorm2d: 3-149                                              [1, 256, 28, 28]          512
│    │    └─QuantReLU: 3-150                                                [1, 256, 28, 28]          1
│    └─QuantIdentity: 2-159                                                 --                        (recursive)
│    │    └─ActQuantProxyFromInjector: 3-318                                --                        (recursive)
│    └─BottleneckQBlock: 2-86                                               --                        (recursive)
│    │    └─QuantReLU: 3-152                                                --                        (recursive)
│    │    └─QuantConv2d: 3-153                                              [1, 256, 14, 14]          589,824
│    │    └─BatchNorm2d: 3-154                                              [1, 256, 14, 14]          512
│    │    └─QuantReLU: 3-155                                                [1, 256, 14, 14]          1
│    └─QuantIdentity: 2-159                                                 --                        (recursive)
│    │    └─ActQuantProxyFromInjector: 3-318                                --                        (recursive)
│    └─BottleneckQBlock: 2-86                                               --                        (recursive)
│    │    └─QuantReLU: 3-157                                                --                        (recursive)
│    │    └─QuantConv2d: 3-158                                              [1, 1024, 14, 14]         262,144
│    │    └─BatchNorm2d: 3-159                                              [1, 1024, 14, 14]         2,048
│    │    └─QuantIdentity: 3-160                                            [1, 1024, 14, 14]         1
│    └─QuantIdentity: 2-159                                                 --                        (recursive)
│    │    └─ActQuantProxyFromInjector: 3-318                                --                        (recursive)
│    └─BottleneckQBlock: 2-86                                               --                        (recursive)
│    │    └─QuantIdentity: 3-162                                            --                        (recursive)
│    │    └─QuantConv2d: 3-163                                              [1, 1024, 14, 14]         524,288
│    │    └─BatchNorm2d: 3-164                                              [1, 1024, 14, 14]         2,048
│    │    └─QuantIdentity: 3-165                                            [1, 1024, 14, 14]         1
│    └─QuantIdentity: 2-159                                                 --                        (recursive)
│    │    └─ActQuantProxyFromInjector: 3-318                                --                        (recursive)
│    └─BottleneckQBlock: 2-86                                               --                        (recursive)
│    │    └─QuantIdentity: 3-167                                            --                        (recursive)
│    │    └─QuantReLU: 3-168                                                [1, 1024, 14, 14]         1
│    └─QuantIdentity: 2-159                                                 --                        (recursive)
│    │    └─ActQuantProxyFromInjector: 3-318                                --                        (recursive)
│    └─BottleneckQBlock: 2-86                                               --                        (recursive)
│    │    └─QuantReLU: 3-170                                                --                        (recursive)
│    └─BottleneckQBlock: 2-87                                               [1, 1024, 14, 14]         854,531
│    │    └─QuantConv2d: 3-171                                              [1, 256, 14, 14]          262,144
│    │    └─BatchNorm2d: 3-172                                              [1, 256, 14, 14]          512
│    │    └─QuantReLU: 3-173                                                [1, 256, 14, 14]          1
│    └─QuantIdentity: 2-159                                                 --                        (recursive)
│    │    └─ActQuantProxyFromInjector: 3-318                                --                        (recursive)
│    └─BottleneckQBlock: 2-95                                               --                        (recursive)
│    │    └─QuantReLU: 3-175                                                --                        (recursive)
│    │    └─QuantConv2d: 3-176                                              [1, 256, 14, 14]          589,824
│    │    └─BatchNorm2d: 3-177                                              [1, 256, 14, 14]          512
│    │    └─QuantReLU: 3-178                                                [1, 256, 14, 14]          1
│    └─QuantIdentity: 2-159                                                 --                        (recursive)
│    │    └─ActQuantProxyFromInjector: 3-318                                --                        (recursive)
│    └─BottleneckQBlock: 2-95                                               --                        (recursive)
│    │    └─QuantReLU: 3-180                                                --                        (recursive)
│    │    └─QuantConv2d: 3-181                                              [1, 1024, 14, 14]         262,144
│    │    └─BatchNorm2d: 3-182                                              [1, 1024, 14, 14]         2,048
│    │    └─QuantIdentity: 3-183                                            [1, 1024, 14, 14]         1
│    └─QuantIdentity: 2-159                                                 --                        (recursive)
│    │    └─ActQuantProxyFromInjector: 3-318                                --                        (recursive)
│    └─BottleneckQBlock: 2-95                                               --                        (recursive)
│    │    └─QuantIdentity: 3-185                                            --                        (recursive)
│    │    └─QuantReLU: 3-186                                                [1, 1024, 14, 14]         1
│    └─QuantIdentity: 2-159                                                 --                        (recursive)
│    │    └─ActQuantProxyFromInjector: 3-318                                --                        (recursive)
│    └─BottleneckQBlock: 2-95                                               --                        (recursive)
│    │    └─QuantReLU: 3-188                                                --                        (recursive)
│    └─BottleneckQBlock: 2-96                                               [1, 1024, 14, 14]         854,531
│    │    └─QuantConv2d: 3-189                                              [1, 256, 14, 14]          262,144
│    │    └─BatchNorm2d: 3-190                                              [1, 256, 14, 14]          512
│    │    └─QuantReLU: 3-191                                                [1, 256, 14, 14]          1
│    └─QuantIdentity: 2-159                                                 --                        (recursive)
│    │    └─ActQuantProxyFromInjector: 3-318                                --                        (recursive)
│    └─BottleneckQBlock: 2-104                                              --                        (recursive)
│    │    └─QuantReLU: 3-193                                                --                        (recursive)
│    │    └─QuantConv2d: 3-194                                              [1, 256, 14, 14]          589,824
│    │    └─BatchNorm2d: 3-195                                              [1, 256, 14, 14]          512
│    │    └─QuantReLU: 3-196                                                [1, 256, 14, 14]          1
│    └─QuantIdentity: 2-159                                                 --                        (recursive)
│    │    └─ActQuantProxyFromInjector: 3-318                                --                        (recursive)
│    └─BottleneckQBlock: 2-104                                              --                        (recursive)
│    │    └─QuantReLU: 3-198                                                --                        (recursive)
│    │    └─QuantConv2d: 3-199                                              [1, 1024, 14, 14]         262,144
│    │    └─BatchNorm2d: 3-200                                              [1, 1024, 14, 14]         2,048
│    │    └─QuantIdentity: 3-201                                            [1, 1024, 14, 14]         1
│    └─QuantIdentity: 2-159                                                 --                        (recursive)
│    │    └─ActQuantProxyFromInjector: 3-318                                --                        (recursive)
│    └─BottleneckQBlock: 2-104                                              --                        (recursive)
│    │    └─QuantIdentity: 3-203                                            --                        (recursive)
│    │    └─QuantReLU: 3-204                                                [1, 1024, 14, 14]         1
│    └─QuantIdentity: 2-159                                                 --                        (recursive)
│    │    └─ActQuantProxyFromInjector: 3-318                                --                        (recursive)
│    └─BottleneckQBlock: 2-104                                              --                        (recursive)
│    │    └─QuantReLU: 3-206                                                --                        (recursive)
│    └─BottleneckQBlock: 2-105                                              [1, 1024, 14, 14]         854,531
│    │    └─QuantConv2d: 3-207                                              [1, 256, 14, 14]          262,144
│    │    └─BatchNorm2d: 3-208                                              [1, 256, 14, 14]          512
│    │    └─QuantReLU: 3-209                                                [1, 256, 14, 14]          1
│    └─QuantIdentity: 2-159                                                 --                        (recursive)
│    │    └─ActQuantProxyFromInjector: 3-318                                --                        (recursive)
│    └─BottleneckQBlock: 2-113                                              --                        (recursive)
│    │    └─QuantReLU: 3-211                                                --                        (recursive)
│    │    └─QuantConv2d: 3-212                                              [1, 256, 14, 14]          589,824
│    │    └─BatchNorm2d: 3-213                                              [1, 256, 14, 14]          512
│    │    └─QuantReLU: 3-214                                                [1, 256, 14, 14]          1
│    └─QuantIdentity: 2-159                                                 --                        (recursive)
│    │    └─ActQuantProxyFromInjector: 3-318                                --                        (recursive)
│    └─BottleneckQBlock: 2-113                                              --                        (recursive)
│    │    └─QuantReLU: 3-216                                                --                        (recursive)
│    │    └─QuantConv2d: 3-217                                              [1, 1024, 14, 14]         262,144
│    │    └─BatchNorm2d: 3-218                                              [1, 1024, 14, 14]         2,048
│    │    └─QuantIdentity: 3-219                                            [1, 1024, 14, 14]         1
│    └─QuantIdentity: 2-159                                                 --                        (recursive)
│    │    └─ActQuantProxyFromInjector: 3-318                                --                        (recursive)
│    └─BottleneckQBlock: 2-113                                              --                        (recursive)
│    │    └─QuantIdentity: 3-221                                            --                        (recursive)
│    │    └─QuantReLU: 3-222                                                [1, 1024, 14, 14]         1
│    └─QuantIdentity: 2-159                                                 --                        (recursive)
│    │    └─ActQuantProxyFromInjector: 3-318                                --                        (recursive)
│    └─BottleneckQBlock: 2-113                                              --                        (recursive)
│    │    └─QuantReLU: 3-224                                                --                        (recursive)
│    └─BottleneckQBlock: 2-114                                              [1, 1024, 14, 14]         854,531
│    │    └─QuantConv2d: 3-225                                              [1, 256, 14, 14]          262,144
│    │    └─BatchNorm2d: 3-226                                              [1, 256, 14, 14]          512
│    │    └─QuantReLU: 3-227                                                [1, 256, 14, 14]          1
│    └─QuantIdentity: 2-159                                                 --                        (recursive)
│    │    └─ActQuantProxyFromInjector: 3-318                                --                        (recursive)
│    └─BottleneckQBlock: 2-122                                              --                        (recursive)
│    │    └─QuantReLU: 3-229                                                --                        (recursive)
│    │    └─QuantConv2d: 3-230                                              [1, 256, 14, 14]          589,824
│    │    └─BatchNorm2d: 3-231                                              [1, 256, 14, 14]          512
│    │    └─QuantReLU: 3-232                                                [1, 256, 14, 14]          1
│    └─QuantIdentity: 2-159                                                 --                        (recursive)
│    │    └─ActQuantProxyFromInjector: 3-318                                --                        (recursive)
│    └─BottleneckQBlock: 2-122                                              --                        (recursive)
│    │    └─QuantReLU: 3-234                                                --                        (recursive)
│    │    └─QuantConv2d: 3-235                                              [1, 1024, 14, 14]         262,144
│    │    └─BatchNorm2d: 3-236                                              [1, 1024, 14, 14]         2,048
│    │    └─QuantIdentity: 3-237                                            [1, 1024, 14, 14]         1
│    └─QuantIdentity: 2-159                                                 --                        (recursive)
│    │    └─ActQuantProxyFromInjector: 3-318                                --                        (recursive)
│    └─BottleneckQBlock: 2-122                                              --                        (recursive)
│    │    └─QuantIdentity: 3-239                                            --                        (recursive)
│    │    └─QuantReLU: 3-240                                                [1, 1024, 14, 14]         1
│    └─QuantIdentity: 2-159                                                 --                        (recursive)
│    │    └─ActQuantProxyFromInjector: 3-318                                --                        (recursive)
│    └─BottleneckQBlock: 2-122                                              --                        (recursive)
│    │    └─QuantReLU: 3-242                                                --                        (recursive)
│    └─BottleneckQBlock: 2-123                                              [1, 1024, 14, 14]         854,531
│    │    └─QuantConv2d: 3-243                                              [1, 256, 14, 14]          262,144
│    │    └─BatchNorm2d: 3-244                                              [1, 256, 14, 14]          512
│    │    └─QuantReLU: 3-245                                                [1, 256, 14, 14]          1
│    └─QuantIdentity: 2-159                                                 --                        (recursive)
│    │    └─ActQuantProxyFromInjector: 3-318                                --                        (recursive)
│    └─BottleneckQBlock: 2-131                                              --                        (recursive)
│    │    └─QuantReLU: 3-247                                                --                        (recursive)
│    │    └─QuantConv2d: 3-248                                              [1, 256, 14, 14]          589,824
│    │    └─BatchNorm2d: 3-249                                              [1, 256, 14, 14]          512
│    │    └─QuantReLU: 3-250                                                [1, 256, 14, 14]          1
│    └─QuantIdentity: 2-159                                                 --                        (recursive)
│    │    └─ActQuantProxyFromInjector: 3-318                                --                        (recursive)
│    └─BottleneckQBlock: 2-131                                              --                        (recursive)
│    │    └─QuantReLU: 3-252                                                --                        (recursive)
│    │    └─QuantConv2d: 3-253                                              [1, 1024, 14, 14]         262,144
│    │    └─BatchNorm2d: 3-254                                              [1, 1024, 14, 14]         2,048
│    │    └─QuantIdentity: 3-255                                            [1, 1024, 14, 14]         1
│    └─QuantIdentity: 2-159                                                 --                        (recursive)
│    │    └─ActQuantProxyFromInjector: 3-318                                --                        (recursive)
│    └─BottleneckQBlock: 2-131                                              --                        (recursive)
│    │    └─QuantIdentity: 3-257                                            --                        (recursive)
│    │    └─QuantReLU: 3-258                                                [1, 1024, 14, 14]         1
│    └─QuantIdentity: 2-159                                                 --                        (recursive)
│    │    └─ActQuantProxyFromInjector: 3-318                                --                        (recursive)
│    └─BottleneckQBlock: 2-131                                              --                        (recursive)
│    │    └─QuantReLU: 3-260                                                --                        (recursive)
│    └─BottleneckQBlock: 2-132                                              [1, 2048, 7, 7]           5,514,244
│    │    └─QuantConv2d: 3-261                                              [1, 512, 14, 14]          524,288
│    │    └─BatchNorm2d: 3-262                                              [1, 512, 14, 14]          1,024
│    │    └─QuantReLU: 3-263                                                [1, 512, 14, 14]          1
│    └─QuantIdentity: 2-159                                                 --                        (recursive)
│    │    └─ActQuantProxyFromInjector: 3-318                                --                        (recursive)
│    └─BottleneckQBlock: 2-142                                              --                        (recursive)
│    │    └─QuantReLU: 3-265                                                --                        (recursive)
│    │    └─QuantConv2d: 3-266                                              [1, 512, 7, 7]            2,359,296
│    │    └─BatchNorm2d: 3-267                                              [1, 512, 7, 7]            1,024
│    │    └─QuantReLU: 3-268                                                [1, 512, 7, 7]            1
│    └─QuantIdentity: 2-159                                                 --                        (recursive)
│    │    └─ActQuantProxyFromInjector: 3-318                                --                        (recursive)
│    └─BottleneckQBlock: 2-142                                              --                        (recursive)
│    │    └─QuantReLU: 3-270                                                --                        (recursive)
│    │    └─QuantConv2d: 3-271                                              [1, 2048, 7, 7]           1,048,576
│    │    └─BatchNorm2d: 3-272                                              [1, 2048, 7, 7]           4,096
│    │    └─QuantIdentity: 3-273                                            [1, 2048, 7, 7]           1
│    └─QuantIdentity: 2-159                                                 --                        (recursive)
│    │    └─ActQuantProxyFromInjector: 3-318                                --                        (recursive)
│    └─BottleneckQBlock: 2-142                                              --                        (recursive)
│    │    └─QuantIdentity: 3-275                                            --                        (recursive)
│    │    └─QuantConv2d: 3-276                                              [1, 2048, 7, 7]           2,097,152
│    │    └─BatchNorm2d: 3-277                                              [1, 2048, 7, 7]           4,096
│    │    └─QuantIdentity: 3-278                                            [1, 2048, 7, 7]           1
│    └─QuantIdentity: 2-159                                                 --                        (recursive)
│    │    └─ActQuantProxyFromInjector: 3-318                                --                        (recursive)
│    └─BottleneckQBlock: 2-142                                              --                        (recursive)
│    │    └─QuantIdentity: 3-280                                            --                        (recursive)
│    │    └─QuantReLU: 3-281                                                [1, 2048, 7, 7]           1
│    └─QuantIdentity: 2-159                                                 --                        (recursive)
│    │    └─ActQuantProxyFromInjector: 3-318                                --                        (recursive)
│    └─BottleneckQBlock: 2-142                                              --                        (recursive)
│    │    └─QuantReLU: 3-283                                                --                        (recursive)
│    └─BottleneckQBlock: 2-143                                              [1, 2048, 7, 7]           3,412,995
│    │    └─QuantConv2d: 3-284                                              [1, 512, 7, 7]            1,048,576
│    │    └─BatchNorm2d: 3-285                                              [1, 512, 7, 7]            1,024
│    │    └─QuantReLU: 3-286                                                [1, 512, 7, 7]            1
│    └─QuantIdentity: 2-159                                                 --                        (recursive)
│    │    └─ActQuantProxyFromInjector: 3-318                                --                        (recursive)
│    └─BottleneckQBlock: 2-151                                              --                        (recursive)
│    │    └─QuantReLU: 3-288                                                --                        (recursive)
│    │    └─QuantConv2d: 3-289                                              [1, 512, 7, 7]            2,359,296
│    │    └─BatchNorm2d: 3-290                                              [1, 512, 7, 7]            1,024
│    │    └─QuantReLU: 3-291                                                [1, 512, 7, 7]            1
│    └─QuantIdentity: 2-159                                                 --                        (recursive)
│    │    └─ActQuantProxyFromInjector: 3-318                                --                        (recursive)
│    └─BottleneckQBlock: 2-151                                              --                        (recursive)
│    │    └─QuantReLU: 3-293                                                --                        (recursive)
│    │    └─QuantConv2d: 3-294                                              [1, 2048, 7, 7]           1,048,576
│    │    └─BatchNorm2d: 3-295                                              [1, 2048, 7, 7]           4,096
│    │    └─QuantIdentity: 3-296                                            [1, 2048, 7, 7]           1
│    └─QuantIdentity: 2-159                                                 --                        (recursive)
│    │    └─ActQuantProxyFromInjector: 3-318                                --                        (recursive)
│    └─BottleneckQBlock: 2-151                                              --                        (recursive)
│    │    └─QuantIdentity: 3-298                                            --                        (recursive)
│    │    └─QuantReLU: 3-299                                                [1, 2048, 7, 7]           1
│    └─QuantIdentity: 2-159                                                 --                        (recursive)
│    │    └─ActQuantProxyFromInjector: 3-318                                --                        (recursive)
│    └─BottleneckQBlock: 2-151                                              --                        (recursive)
│    │    └─QuantReLU: 3-301                                                --                        (recursive)
│    └─BottleneckQBlock: 2-152                                              [1, 2048, 7, 7]           3,412,995
│    │    └─QuantConv2d: 3-302                                              [1, 512, 7, 7]            1,048,576
│    │    └─BatchNorm2d: 3-303                                              [1, 512, 7, 7]            1,024
│    │    └─QuantReLU: 3-304                                                [1, 512, 7, 7]            1
│    └─QuantIdentity: 2-159                                                 --                        (recursive)
│    │    └─ActQuantProxyFromInjector: 3-318                                --                        (recursive)
│    └─BottleneckQBlock: 2-160                                              --                        (recursive)
│    │    └─QuantReLU: 3-306                                                --                        (recursive)
│    │    └─QuantConv2d: 3-307                                              [1, 512, 7, 7]            2,359,296
│    │    └─BatchNorm2d: 3-308                                              [1, 512, 7, 7]            1,024
│    │    └─QuantReLU: 3-309                                                [1, 512, 7, 7]            1
│    └─QuantIdentity: 2-159                                                 --                        (recursive)
│    │    └─ActQuantProxyFromInjector: 3-318                                --                        (recursive)
│    └─BottleneckQBlock: 2-160                                              --                        (recursive)
│    │    └─QuantReLU: 3-311                                                --                        (recursive)
│    │    └─QuantConv2d: 3-312                                              [1, 2048, 7, 7]           1,048,576
│    │    └─BatchNorm2d: 3-313                                              [1, 2048, 7, 7]           4,096
│    │    └─QuantIdentity: 3-314                                            [1, 2048, 7, 7]           1
│    └─QuantIdentity: 2-159                                                 --                        (recursive)
│    │    └─ActQuantProxyFromInjector: 3-318                                --                        (recursive)
│    └─BottleneckQBlock: 2-160                                              --                        (recursive)
│    │    └─QuantIdentity: 3-316                                            --                        (recursive)
│    │    └─QuantReLU: 3-317                                                [1, 2048, 7, 7]           1
│    └─QuantIdentity: 2-159                                                 --                        (recursive)
│    │    └─ActQuantProxyFromInjector: 3-318                                --                        (recursive)
│    └─BottleneckQBlock: 2-160                                              --                        (recursive)
│    │    └─QuantReLU: 3-319                                                --                        (recursive)
│    └─AvgPool2d: 2-161                                                     [1, 2048, 1, 1]           --
│    └─QuantIdentity: 2-162                                                 [1, 2048, 1, 1]           --
│    │    └─ActQuantProxyFromInjector: 3-320                                [1, 2048, 1, 1]           --
│    │    └─ActQuantProxyFromInjector: 3-321                                [1, 2048, 1, 1]           1
│    └─Flatten: 2-163                                                       [1, 2048]                 --
=============================================================================================================================
Total params: 42,661,755
Trainable params: 42,661,755
Non-trainable params: 0
Total mult-adds (M): 0.05
=============================================================================================================================
Input size (MB): 0.30
Forward/backward pass size (MB): 84.09
Params size (MB): 0.21
Estimated Total Size (MB): 84.61
=============================================================================================================================

Epoch: [1 | 3] LR: 0.001
[0/264] Avg. Train Loss: 1.171 | Top-1 Acc: 38.281% | Top-5 Acc: 0.000%
[26/264] Avg. Train Loss: 1.430 | Top-1 Acc: 54.485% | Top-5 Acc: 0.000%
[52/264] Avg. Train Loss: 1.058 | Top-1 Acc: 58.815% | Top-5 Acc: 0.000%
[78/264] Avg. Train Loss: 0.912 | Top-1 Acc: 61.946% | Top-5 Acc: 0.000%
[104/264] Avg. Train Loss: 0.821 | Top-1 Acc: 64.375% | Top-5 Acc: 0.000%
[130/264] Avg. Train Loss: 0.763 | Top-1 Acc: 66.227% | Top-5 Acc: 0.000%
[156/264] Avg. Train Loss: 0.725 | Top-1 Acc: 67.441% | Top-5 Acc: 0.000%
[182/264] Avg. Train Loss: 0.692 | Top-1 Acc: 68.805% | Top-5 Acc: 0.000%
[208/264] Avg. Train Loss: 0.662 | Top-1 Acc: 69.879% | Top-5 Acc: 0.000%
[234/264] Avg. Train Loss: 0.634 | Top-1 Acc: 71.021% | Top-5 Acc: 0.000%
[260/264] Avg. Train Loss: 0.608 | Top-1 Acc: 72.255% | Top-5 Acc: 0.000%
Time for training epoch 0: 62.39 minutes
Avg. Val Loss: 0.284 | Top-1 Acc: 87.887% | Top-5 Acc: 0.000%
Time for validation epoch 0: 0.51 minutes

Epoch: [2 | 3] LR: 0.001
[0/264] Avg. Train Loss: 0.411 | Top-1 Acc: 82.812% | Top-5 Acc: 0.000%
[26/264] Avg. Train Loss: 0.386 | Top-1 Acc: 82.552% | Top-5 Acc: 0.000%
[52/264] Avg. Train Loss: 0.357 | Top-1 Acc: 84.183% | Top-5 Acc: 0.000%
[78/264] Avg. Train Loss: 0.334 | Top-1 Acc: 85.186% | Top-5 Acc: 0.000%
[104/264] Avg. Train Loss: 0.319 | Top-1 Acc: 86.109% | Top-5 Acc: 0.000%
[130/264] Avg. Train Loss: 0.306 | Top-1 Acc: 86.713% | Top-5 Acc: 0.000%
[156/264] Avg. Train Loss: 0.292 | Top-1 Acc: 87.391% | Top-5 Acc: 0.000%
[182/264] Avg. Train Loss: 0.281 | Top-1 Acc: 87.953% | Top-5 Acc: 0.000%
[208/264] Avg. Train Loss: 0.274 | Top-1 Acc: 88.236% | Top-5 Acc: 0.000%
[234/264] Avg. Train Loss: 0.268 | Top-1 Acc: 88.527% | Top-5 Acc: 0.000%
[260/264] Avg. Train Loss: 0.260 | Top-1 Acc: 88.844% | Top-5 Acc: 0.000%
Time for training epoch 1: 11.61 minutes
Avg. Val Loss: 0.061 | Top-1 Acc: 97.628% | Top-5 Acc: 0.000%
Time for validation epoch 1: 0.48 minutes

Epoch: [3 | 3] LR: 0.001
[0/264] Avg. Train Loss: 0.141 | Top-1 Acc: 94.531% | Top-5 Acc: 0.000%
[26/264] Avg. Train Loss: 0.208 | Top-1 Acc: 91.667% | Top-5 Acc: 0.000%
[52/264] Avg. Train Loss: 0.208 | Top-1 Acc: 91.539% | Top-5 Acc: 0.000%
[78/264] Avg. Train Loss: 0.203 | Top-1 Acc: 91.841% | Top-5 Acc: 0.000%
[104/264] Avg. Train Loss: 0.200 | Top-1 Acc: 91.882% | Top-5 Acc: 0.000%
[130/264] Avg. Train Loss: 0.194 | Top-1 Acc: 91.961% | Top-5 Acc: 0.000%
[156/264] Avg. Train Loss: 0.193 | Top-1 Acc: 92.043% | Top-5 Acc: 0.000%
[182/264] Avg. Train Loss: 0.188 | Top-1 Acc: 92.188% | Top-5 Acc: 0.000%
[208/264] Avg. Train Loss: 0.185 | Top-1 Acc: 92.359% | Top-5 Acc: 0.000%
[234/264] Avg. Train Loss: 0.184 | Top-1 Acc: 92.380% | Top-5 Acc: 0.000%
[260/264] Avg. Train Loss: 0.186 | Top-1 Acc: 92.319% | Top-5 Acc: 0.000%
Time for training epoch 2: 3.53 minutes
Avg. Val Loss: 3.588 | Top-1 Acc: 46.222% | Top-5 Acc: 0.000%
Time for validation epoch 2: 0.52 minutes

Testing on best model...
Loaded best model /home/zhiyong/Git/dct-cryptonets/dct-cryptonets/checkpoint/faceforensic/resnet50_qat_dct/best.tar (epoch 1)
Avg. Val Loss: 0.061 | Acc: 8398/8602 (97.63%)
Avg. Test Loss: 0.061 | Acc: 8398/8602 (97.63%)
Done
