-----General parameters-----
model=ResNet20qat
dataset=FaceForensic
num_classes=2
dataset_path=/home/zhiyong/Git/dct-cryptonets/dct-cryptonets/dataset/FaceForensic
checkpoint_dir=/home/zhiyong/Git/dct-cryptonets/dct-cryptonets/checkpoint/faceforensic/resnet20_qat_dct_v2
resume=
-----Training parameters-----
epochs=20
batch_size=128
test_batch_size=256
num_workers=4
optimizer=adam
lr=0.001
weight_decay=1e-5
grad_clip_value=0.1
dropout=0.2
schedule=[5, 10, 10]
checkpoint_save_freq=5
bit_width=4
-----DCT parameters-----
dct_status=Y
image_size=56
filter_size=8
dct_pattern=default
channels=24

Using GPU: True

Checkpoint dir: /home/zhiyong/Git/dct-cryptonets/dct-cryptonets/checkpoint/faceforensic/resnet20_qat_dct_v2
Number Parameters: 516243

============Model Summary============
=============================================================================================================================
Layer (type:depth-idx)                                                      Output Shape              Param #
=============================================================================================================================
ResNetQDCT                                                                  [1, 64]                   --
├─Sequential: 1-1                                                           [1, 64]                   --
│    └─QuantIdentity: 2-1                                                   [1, 24, 56, 56]           --
│    │    └─ActQuantProxyFromInjector: 3-1                                  [1, 24, 56, 56]           --
│    │    └─ActQuantProxyFromInjector: 3-2                                  [1, 24, 56, 56]           1
│    └─QuantIdentity: 2-77                                                  --                        (recursive)
│    │    └─ActQuantProxyFromInjector: 3-141                                --                        (recursive)
│    └─QuantIdentity: 2-3                                                   --                        (recursive)
│    │    └─ActQuantProxyFromInjector: 3-4                                  --                        (recursive)
│    └─QuantConv2d: 2-4                                                     [1, 48, 56, 56]           --
│    │    └─ActQuantProxyFromInjector: 3-5                                  [1, 24, 56, 56]           --
│    │    └─WeightQuantProxyFromInjector: 3-6                               [48, 24, 1, 1]            1,152
│    │    └─ActQuantProxyFromInjector: 3-7                                  [1, 48, 56, 56]           --
│    └─BatchNorm2d: 2-5                                                     [1, 48, 56, 56]           96
│    └─QuantReLU: 2-6                                                       [1, 48, 56, 56]           --
│    │    └─ActQuantProxyFromInjector: 3-8                                  [1, 48, 56, 56]           --
│    │    └─ActQuantProxyFromInjector: 3-9                                  [1, 48, 56, 56]           1
│    └─QuantIdentity: 2-77                                                  --                        (recursive)
│    │    └─ActQuantProxyFromInjector: 3-141                                --                        (recursive)
│    └─QuantReLU: 2-8                                                       --                        (recursive)
│    │    └─ActQuantProxyFromInjector: 3-11                                 --                        (recursive)
│    └─QuantIdentity: 2-9                                                   [1, 48, 56, 56]           --
│    │    └─ActQuantProxyFromInjector: 3-12                                 [1, 48, 56, 56]           --
│    │    └─ActQuantProxyFromInjector: 3-13                                 [1, 48, 56, 56]           1
│    └─QuantIdentity: 2-77                                                  --                        (recursive)
│    │    └─ActQuantProxyFromInjector: 3-141                                --                        (recursive)
│    └─QuantIdentity: 2-11                                                  --                        (recursive)
│    │    └─ActQuantProxyFromInjector: 3-15                                 --                        (recursive)
│    └─SimpleQBlock: 2-12                                                   [1, 48, 56, 56]           20,834
│    │    └─QuantConv2d: 3-16                                               [1, 48, 56, 56]           20,736
│    │    └─BatchNorm2d: 3-17                                               [1, 48, 56, 56]           96
│    │    └─QuantReLU: 3-18                                                 [1, 48, 56, 56]           1
│    └─QuantIdentity: 2-77                                                  --                        (recursive)
│    │    └─ActQuantProxyFromInjector: 3-141                                --                        (recursive)
│    └─SimpleQBlock: 2-18                                                   --                        (recursive)
│    │    └─QuantReLU: 3-20                                                 --                        (recursive)
│    │    └─QuantConv2d: 3-21                                               [1, 48, 56, 56]           20,736
│    │    └─BatchNorm2d: 3-22                                               [1, 48, 56, 56]           96
│    │    └─QuantIdentity: 3-23                                             [1, 48, 56, 56]           1
│    └─QuantIdentity: 2-77                                                  --                        (recursive)
│    │    └─ActQuantProxyFromInjector: 3-141                                --                        (recursive)
│    └─SimpleQBlock: 2-18                                                   --                        (recursive)
│    │    └─QuantIdentity: 3-25                                             --                        (recursive)
│    │    └─QuantReLU: 3-26                                                 [1, 48, 56, 56]           1
│    └─QuantIdentity: 2-77                                                  --                        (recursive)
│    │    └─ActQuantProxyFromInjector: 3-141                                --                        (recursive)
│    └─SimpleQBlock: 2-18                                                   --                        (recursive)
│    │    └─QuantReLU: 3-28                                                 --                        (recursive)
│    └─SimpleQBlock: 2-19                                                   [1, 48, 56, 56]           20,834
│    │    └─QuantConv2d: 3-29                                               [1, 48, 56, 56]           20,736
│    │    └─BatchNorm2d: 3-30                                               [1, 48, 56, 56]           96
│    │    └─QuantReLU: 3-31                                                 [1, 48, 56, 56]           1
│    └─QuantIdentity: 2-77                                                  --                        (recursive)
│    │    └─ActQuantProxyFromInjector: 3-141                                --                        (recursive)
│    └─SimpleQBlock: 2-25                                                   --                        (recursive)
│    │    └─QuantReLU: 3-33                                                 --                        (recursive)
│    │    └─QuantConv2d: 3-34                                               [1, 48, 56, 56]           20,736
│    │    └─BatchNorm2d: 3-35                                               [1, 48, 56, 56]           96
│    │    └─QuantIdentity: 3-36                                             [1, 48, 56, 56]           1
│    └─QuantIdentity: 2-77                                                  --                        (recursive)
│    │    └─ActQuantProxyFromInjector: 3-141                                --                        (recursive)
│    └─SimpleQBlock: 2-25                                                   --                        (recursive)
│    │    └─QuantIdentity: 3-38                                             --                        (recursive)
│    │    └─QuantReLU: 3-39                                                 [1, 48, 56, 56]           1
│    └─QuantIdentity: 2-77                                                  --                        (recursive)
│    │    └─ActQuantProxyFromInjector: 3-141                                --                        (recursive)
│    └─SimpleQBlock: 2-25                                                   --                        (recursive)
│    │    └─QuantReLU: 3-41                                                 --                        (recursive)
│    └─SimpleQBlock: 2-26                                                   [1, 48, 56, 56]           20,834
│    │    └─QuantConv2d: 3-42                                               [1, 48, 56, 56]           20,736
│    │    └─BatchNorm2d: 3-43                                               [1, 48, 56, 56]           96
│    │    └─QuantReLU: 3-44                                                 [1, 48, 56, 56]           1
│    └─QuantIdentity: 2-77                                                  --                        (recursive)
│    │    └─ActQuantProxyFromInjector: 3-141                                --                        (recursive)
│    └─SimpleQBlock: 2-32                                                   --                        (recursive)
│    │    └─QuantReLU: 3-46                                                 --                        (recursive)
│    │    └─QuantConv2d: 3-47                                               [1, 48, 56, 56]           20,736
│    │    └─BatchNorm2d: 3-48                                               [1, 48, 56, 56]           96
│    │    └─QuantIdentity: 3-49                                             [1, 48, 56, 56]           1
│    └─QuantIdentity: 2-77                                                  --                        (recursive)
│    │    └─ActQuantProxyFromInjector: 3-141                                --                        (recursive)
│    └─SimpleQBlock: 2-32                                                   --                        (recursive)
│    │    └─QuantIdentity: 3-51                                             --                        (recursive)
│    │    └─QuantReLU: 3-52                                                 [1, 48, 56, 56]           1
│    └─QuantIdentity: 2-77                                                  --                        (recursive)
│    │    └─ActQuantProxyFromInjector: 3-141                                --                        (recursive)
│    └─SimpleQBlock: 2-32                                                   --                        (recursive)
│    │    └─QuantReLU: 3-54                                                 --                        (recursive)
│    └─SimpleQBlock: 2-33                                                   [1, 56, 56, 56]           31,139
│    │    └─QuantConv2d: 3-55                                               [1, 56, 56, 56]           24,192
│    │    └─BatchNorm2d: 3-56                                               [1, 56, 56, 56]           112
│    │    └─QuantReLU: 3-57                                                 [1, 56, 56, 56]           1
│    └─QuantIdentity: 2-77                                                  --                        (recursive)
│    │    └─ActQuantProxyFromInjector: 3-141                                --                        (recursive)
│    └─SimpleQBlock: 2-41                                                   --                        (recursive)
│    │    └─QuantReLU: 3-59                                                 --                        (recursive)
│    │    └─QuantConv2d: 3-60                                               [1, 56, 56, 56]           28,224
│    │    └─BatchNorm2d: 3-61                                               [1, 56, 56, 56]           112
│    │    └─QuantIdentity: 3-62                                             [1, 56, 56, 56]           1
│    └─QuantIdentity: 2-77                                                  --                        (recursive)
│    │    └─ActQuantProxyFromInjector: 3-141                                --                        (recursive)
│    └─SimpleQBlock: 2-41                                                   --                        (recursive)
│    │    └─QuantIdentity: 3-64                                             --                        (recursive)
│    │    └─QuantConv2d: 3-65                                               [1, 56, 56, 56]           2,688
│    │    └─BatchNorm2d: 3-66                                               [1, 56, 56, 56]           112
│    │    └─QuantIdentity: 3-67                                             [1, 56, 56, 56]           1
│    └─QuantIdentity: 2-77                                                  --                        (recursive)
│    │    └─ActQuantProxyFromInjector: 3-141                                --                        (recursive)
│    └─SimpleQBlock: 2-41                                                   --                        (recursive)
│    │    └─QuantIdentity: 3-69                                             --                        (recursive)
│    │    └─QuantReLU: 3-70                                                 [1, 56, 56, 56]           1
│    └─QuantIdentity: 2-77                                                  --                        (recursive)
│    │    └─ActQuantProxyFromInjector: 3-141                                --                        (recursive)
│    └─SimpleQBlock: 2-41                                                   --                        (recursive)
│    │    └─QuantReLU: 3-72                                                 --                        (recursive)
│    └─SimpleQBlock: 2-42                                                   [1, 56, 56, 56]           28,338
│    │    └─QuantConv2d: 3-73                                               [1, 56, 56, 56]           28,224
│    │    └─BatchNorm2d: 3-74                                               [1, 56, 56, 56]           112
│    │    └─QuantReLU: 3-75                                                 [1, 56, 56, 56]           1
│    └─QuantIdentity: 2-77                                                  --                        (recursive)
│    │    └─ActQuantProxyFromInjector: 3-141                                --                        (recursive)
│    └─SimpleQBlock: 2-48                                                   --                        (recursive)
│    │    └─QuantReLU: 3-77                                                 --                        (recursive)
│    │    └─QuantConv2d: 3-78                                               [1, 56, 56, 56]           28,224
│    │    └─BatchNorm2d: 3-79                                               [1, 56, 56, 56]           112
│    │    └─QuantIdentity: 3-80                                             [1, 56, 56, 56]           1
│    └─QuantIdentity: 2-77                                                  --                        (recursive)
│    │    └─ActQuantProxyFromInjector: 3-141                                --                        (recursive)
│    └─SimpleQBlock: 2-48                                                   --                        (recursive)
│    │    └─QuantIdentity: 3-82                                             --                        (recursive)
│    │    └─QuantReLU: 3-83                                                 [1, 56, 56, 56]           1
│    └─QuantIdentity: 2-77                                                  --                        (recursive)
│    │    └─ActQuantProxyFromInjector: 3-141                                --                        (recursive)
│    └─SimpleQBlock: 2-48                                                   --                        (recursive)
│    │    └─QuantReLU: 3-85                                                 --                        (recursive)
│    └─SimpleQBlock: 2-49                                                   [1, 56, 56, 56]           28,338
│    │    └─QuantConv2d: 3-86                                               [1, 56, 56, 56]           28,224
│    │    └─BatchNorm2d: 3-87                                               [1, 56, 56, 56]           112
│    │    └─QuantReLU: 3-88                                                 [1, 56, 56, 56]           1
│    └─QuantIdentity: 2-77                                                  --                        (recursive)
│    │    └─ActQuantProxyFromInjector: 3-141                                --                        (recursive)
│    └─SimpleQBlock: 2-55                                                   --                        (recursive)
│    │    └─QuantReLU: 3-90                                                 --                        (recursive)
│    │    └─QuantConv2d: 3-91                                               [1, 56, 56, 56]           28,224
│    │    └─BatchNorm2d: 3-92                                               [1, 56, 56, 56]           112
│    │    └─QuantIdentity: 3-93                                             [1, 56, 56, 56]           1
│    └─QuantIdentity: 2-77                                                  --                        (recursive)
│    │    └─ActQuantProxyFromInjector: 3-141                                --                        (recursive)
│    └─SimpleQBlock: 2-55                                                   --                        (recursive)
│    │    └─QuantIdentity: 3-95                                             --                        (recursive)
│    │    └─QuantReLU: 3-96                                                 [1, 56, 56, 56]           1
│    └─QuantIdentity: 2-77                                                  --                        (recursive)
│    │    └─ActQuantProxyFromInjector: 3-141                                --                        (recursive)
│    └─SimpleQBlock: 2-55                                                   --                        (recursive)
│    │    └─QuantReLU: 3-98                                                 --                        (recursive)
│    └─SimpleQBlock: 2-56                                                   [1, 64, 28, 28]           40,707
│    │    └─QuantConv2d: 3-99                                               [1, 64, 28, 28]           32,256
│    │    └─BatchNorm2d: 3-100                                              [1, 64, 28, 28]           128
│    │    └─QuantReLU: 3-101                                                [1, 64, 28, 28]           1
│    └─QuantIdentity: 2-77                                                  --                        (recursive)
│    │    └─ActQuantProxyFromInjector: 3-141                                --                        (recursive)
│    └─SimpleQBlock: 2-64                                                   --                        (recursive)
│    │    └─QuantReLU: 3-103                                                --                        (recursive)
│    │    └─QuantConv2d: 3-104                                              [1, 64, 28, 28]           36,864
│    │    └─BatchNorm2d: 3-105                                              [1, 64, 28, 28]           128
│    │    └─QuantIdentity: 3-106                                            [1, 64, 28, 28]           1
│    └─QuantIdentity: 2-77                                                  --                        (recursive)
│    │    └─ActQuantProxyFromInjector: 3-141                                --                        (recursive)
│    └─SimpleQBlock: 2-64                                                   --                        (recursive)
│    │    └─QuantIdentity: 3-108                                            --                        (recursive)
│    │    └─QuantConv2d: 3-109                                              [1, 64, 28, 28]           3,584
│    │    └─BatchNorm2d: 3-110                                              [1, 64, 28, 28]           128
│    │    └─QuantIdentity: 3-111                                            [1, 64, 28, 28]           1
│    └─QuantIdentity: 2-77                                                  --                        (recursive)
│    │    └─ActQuantProxyFromInjector: 3-141                                --                        (recursive)
│    └─SimpleQBlock: 2-64                                                   --                        (recursive)
│    │    └─QuantIdentity: 3-113                                            --                        (recursive)
│    │    └─QuantReLU: 3-114                                                [1, 64, 28, 28]           1
│    └─QuantIdentity: 2-77                                                  --                        (recursive)
│    │    └─ActQuantProxyFromInjector: 3-141                                --                        (recursive)
│    └─SimpleQBlock: 2-64                                                   --                        (recursive)
│    │    └─QuantReLU: 3-116                                                --                        (recursive)
│    └─SimpleQBlock: 2-65                                                   [1, 64, 28, 28]           36,994
│    │    └─QuantConv2d: 3-117                                              [1, 64, 28, 28]           36,864
│    │    └─BatchNorm2d: 3-118                                              [1, 64, 28, 28]           128
│    │    └─QuantReLU: 3-119                                                [1, 64, 28, 28]           1
│    └─QuantIdentity: 2-77                                                  --                        (recursive)
│    │    └─ActQuantProxyFromInjector: 3-141                                --                        (recursive)
│    └─SimpleQBlock: 2-71                                                   --                        (recursive)
│    │    └─QuantReLU: 3-121                                                --                        (recursive)
│    │    └─QuantConv2d: 3-122                                              [1, 64, 28, 28]           36,864
│    │    └─BatchNorm2d: 3-123                                              [1, 64, 28, 28]           128
│    │    └─QuantIdentity: 3-124                                            [1, 64, 28, 28]           1
│    └─QuantIdentity: 2-77                                                  --                        (recursive)
│    │    └─ActQuantProxyFromInjector: 3-141                                --                        (recursive)
│    └─SimpleQBlock: 2-71                                                   --                        (recursive)
│    │    └─QuantIdentity: 3-126                                            --                        (recursive)
│    │    └─QuantReLU: 3-127                                                [1, 64, 28, 28]           1
│    └─QuantIdentity: 2-77                                                  --                        (recursive)
│    │    └─ActQuantProxyFromInjector: 3-141                                --                        (recursive)
│    └─SimpleQBlock: 2-71                                                   --                        (recursive)
│    │    └─QuantReLU: 3-129                                                --                        (recursive)
│    └─SimpleQBlock: 2-72                                                   [1, 64, 28, 28]           36,994
│    │    └─QuantConv2d: 3-130                                              [1, 64, 28, 28]           36,864
│    │    └─BatchNorm2d: 3-131                                              [1, 64, 28, 28]           128
│    │    └─QuantReLU: 3-132                                                [1, 64, 28, 28]           1
│    └─QuantIdentity: 2-77                                                  --                        (recursive)
│    │    └─ActQuantProxyFromInjector: 3-141                                --                        (recursive)
│    └─SimpleQBlock: 2-78                                                   --                        (recursive)
│    │    └─QuantReLU: 3-134                                                --                        (recursive)
│    │    └─QuantConv2d: 3-135                                              [1, 64, 28, 28]           36,864
│    │    └─BatchNorm2d: 3-136                                              [1, 64, 28, 28]           128
│    │    └─QuantIdentity: 3-137                                            [1, 64, 28, 28]           1
│    └─QuantIdentity: 2-77                                                  --                        (recursive)
│    │    └─ActQuantProxyFromInjector: 3-141                                --                        (recursive)
│    └─SimpleQBlock: 2-78                                                   --                        (recursive)
│    │    └─QuantIdentity: 3-139                                            --                        (recursive)
│    │    └─QuantReLU: 3-140                                                [1, 64, 28, 28]           1
│    └─QuantIdentity: 2-77                                                  --                        (recursive)
│    │    └─ActQuantProxyFromInjector: 3-141                                --                        (recursive)
│    └─SimpleQBlock: 2-78                                                   --                        (recursive)
│    │    └─QuantReLU: 3-142                                                --                        (recursive)
│    └─AvgPool2d: 2-79                                                      [1, 64, 1, 1]             --
│    └─QuantIdentity: 2-80                                                  [1, 64, 1, 1]             --
│    │    └─ActQuantProxyFromInjector: 3-143                                [1, 64, 1, 1]             --
│    │    └─ActQuantProxyFromInjector: 3-144                                [1, 64, 1, 1]             1
│    └─Flatten: 2-81                                                        [1, 64]                   --
=============================================================================================================================
Total params: 781,125
Trainable params: 781,125
Non-trainable params: 0
Total mult-adds (M): 0.00
=============================================================================================================================
Input size (MB): 0.30
Forward/backward pass size (MB): 21.07
Params size (MB): 0.01
Estimated Total Size (MB): 21.38
=============================================================================================================================

Epoch: [1 | 20] LR: 0.001
[0/264] Avg. Train Loss: 0.691 | Top-1 Acc: 53.906% | Top-5 Acc: 0.000%
[26/264] Avg. Train Loss: 0.506 | Top-1 Acc: 75.347% | Top-5 Acc: 0.000%
[52/264] Avg. Train Loss: 0.433 | Top-1 Acc: 79.540% | Top-5 Acc: 0.000%
[78/264] Avg. Train Loss: 0.396 | Top-1 Acc: 81.329% | Top-5 Acc: 0.000%
[104/264] Avg. Train Loss: 0.368 | Top-1 Acc: 82.917% | Top-5 Acc: 0.000%
[130/264] Avg. Train Loss: 0.345 | Top-1 Acc: 84.214% | Top-5 Acc: 0.000%
[156/264] Avg. Train Loss: 0.329 | Top-1 Acc: 85.052% | Top-5 Acc: 0.000%
[182/264] Avg. Train Loss: 0.323 | Top-1 Acc: 85.378% | Top-5 Acc: 0.000%
[208/264] Avg. Train Loss: 0.315 | Top-1 Acc: 85.825% | Top-5 Acc: 0.000%
[234/264] Avg. Train Loss: 0.308 | Top-1 Acc: 86.250% | Top-5 Acc: 0.000%
[260/264] Avg. Train Loss: 0.298 | Top-1 Acc: 86.779% | Top-5 Acc: 0.000%
Time for training epoch 0: 15.99 minutes
Avg. Val Loss: 0.290 | Top-1 Acc: 85.515% | Top-5 Acc: 0.000% | F1: 84.809%
Time for validation epoch 0: 0.34 minutes

Epoch: [2 | 20] LR: 0.001
[0/264] Avg. Train Loss: 0.207 | Top-1 Acc: 92.188% | Top-5 Acc: 0.000%
[26/264] Avg. Train Loss: 0.221 | Top-1 Acc: 90.828% | Top-5 Acc: 0.000%
[52/264] Avg. Train Loss: 0.211 | Top-1 Acc: 91.303% | Top-5 Acc: 0.000%
[78/264] Avg. Train Loss: 0.204 | Top-1 Acc: 91.426% | Top-5 Acc: 0.000%
[104/264] Avg. Train Loss: 0.197 | Top-1 Acc: 91.897% | Top-5 Acc: 0.000%
[130/264] Avg. Train Loss: 0.190 | Top-1 Acc: 92.217% | Top-5 Acc: 0.000%
[156/264] Avg. Train Loss: 0.183 | Top-1 Acc: 92.501% | Top-5 Acc: 0.000%
[182/264] Avg. Train Loss: 0.179 | Top-1 Acc: 92.772% | Top-5 Acc: 0.000%
[208/264] Avg. Train Loss: 0.174 | Top-1 Acc: 92.961% | Top-5 Acc: 0.000%
[234/264] Avg. Train Loss: 0.173 | Top-1 Acc: 92.982% | Top-5 Acc: 0.000%
[260/264] Avg. Train Loss: 0.169 | Top-1 Acc: 93.169% | Top-5 Acc: 0.000%
Time for training epoch 1: 3.64 minutes
Avg. Val Loss: 0.047 | Top-1 Acc: 97.966% | Top-5 Acc: 0.000% | F1: 97.428%
Time for validation epoch 1: 0.34 minutes

Epoch: [3 | 20] LR: 0.001
[0/264] Avg. Train Loss: 0.086 | Top-1 Acc: 97.656% | Top-5 Acc: 0.000%
[26/264] Avg. Train Loss: 0.134 | Top-1 Acc: 94.676% | Top-5 Acc: 0.000%
[52/264] Avg. Train Loss: 0.134 | Top-1 Acc: 94.575% | Top-5 Acc: 0.000%
[78/264] Avg. Train Loss: 0.145 | Top-1 Acc: 94.126% | Top-5 Acc: 0.000%
[104/264] Avg. Train Loss: 0.147 | Top-1 Acc: 94.174% | Top-5 Acc: 0.000%
[130/264] Avg. Train Loss: 0.144 | Top-1 Acc: 94.245% | Top-5 Acc: 0.000%
[156/264] Avg. Train Loss: 0.146 | Top-1 Acc: 94.218% | Top-5 Acc: 0.000%
[182/264] Avg. Train Loss: 0.145 | Top-1 Acc: 94.322% | Top-5 Acc: 0.000%
[208/264] Avg. Train Loss: 0.146 | Top-1 Acc: 94.221% | Top-5 Acc: 0.000%
[234/264] Avg. Train Loss: 0.144 | Top-1 Acc: 94.328% | Top-5 Acc: 0.000%
[260/264] Avg. Train Loss: 0.146 | Top-1 Acc: 94.247% | Top-5 Acc: 0.000%
Time for training epoch 2: 1.66 minutes
Avg. Val Loss: 0.069 | Top-1 Acc: 98.477% | Top-5 Acc: 0.000% | F1: 98.148%
Time for validation epoch 2: 0.34 minutes

Epoch: [4 | 20] LR: 0.001
[0/264] Avg. Train Loss: 0.108 | Top-1 Acc: 95.312% | Top-5 Acc: 0.000%
[26/264] Avg. Train Loss: 0.121 | Top-1 Acc: 95.052% | Top-5 Acc: 0.000%
[52/264] Avg. Train Loss: 0.134 | Top-1 Acc: 94.752% | Top-5 Acc: 0.000%
[78/264] Avg. Train Loss: 0.126 | Top-1 Acc: 95.115% | Top-5 Acc: 0.000%
[104/264] Avg. Train Loss: 0.123 | Top-1 Acc: 95.246% | Top-5 Acc: 0.000%
[130/264] Avg. Train Loss: 0.128 | Top-1 Acc: 94.955% | Top-5 Acc: 0.000%
[156/264] Avg. Train Loss: 0.128 | Top-1 Acc: 94.969% | Top-5 Acc: 0.000%
[182/264] Avg. Train Loss: 0.130 | Top-1 Acc: 94.924% | Top-5 Acc: 0.000%
[208/264] Avg. Train Loss: 0.131 | Top-1 Acc: 94.898% | Top-5 Acc: 0.000%
[234/264] Avg. Train Loss: 0.131 | Top-1 Acc: 94.817% | Top-5 Acc: 0.000%
[260/264] Avg. Train Loss: 0.132 | Top-1 Acc: 94.795% | Top-5 Acc: 0.000%
Time for training epoch 3: 1.71 minutes
Avg. Val Loss: 0.031 | Top-1 Acc: 98.872% | Top-5 Acc: 0.000% | F1: 98.587%
Time for validation epoch 3: 0.34 minutes

Epoch: [5 | 20] LR: 0.0001
[0/264] Avg. Train Loss: 0.158 | Top-1 Acc: 93.750% | Top-5 Acc: 0.000%
[26/264] Avg. Train Loss: 0.110 | Top-1 Acc: 95.891% | Top-5 Acc: 0.000%
[52/264] Avg. Train Loss: 0.106 | Top-1 Acc: 96.005% | Top-5 Acc: 0.000%
[78/264] Avg. Train Loss: 0.102 | Top-1 Acc: 96.064% | Top-5 Acc: 0.000%
[104/264] Avg. Train Loss: 0.104 | Top-1 Acc: 95.945% | Top-5 Acc: 0.000%
[130/264] Avg. Train Loss: 0.103 | Top-1 Acc: 95.986% | Top-5 Acc: 0.000%
[156/264] Avg. Train Loss: 0.101 | Top-1 Acc: 96.079% | Top-5 Acc: 0.000%
[182/264] Avg. Train Loss: 0.103 | Top-1 Acc: 95.983% | Top-5 Acc: 0.000%
[208/264] Avg. Train Loss: 0.101 | Top-1 Acc: 96.075% | Top-5 Acc: 0.000%
[234/264] Avg. Train Loss: 0.099 | Top-1 Acc: 96.107% | Top-5 Acc: 0.000%
[260/264] Avg. Train Loss: 0.099 | Top-1 Acc: 96.109% | Top-5 Acc: 0.000%
Time for training epoch 4: 1.72 minutes
Avg. Val Loss: 0.012 | Top-1 Acc: 99.802% | Top-5 Acc: 0.000% | F1: 99.755%
Time for validation epoch 4: 0.34 minutes

Epoch: [6 | 20] LR: 0.0001
[0/264] Avg. Train Loss: 0.088 | Top-1 Acc: 97.656% | Top-5 Acc: 0.000%
[26/264] Avg. Train Loss: 0.098 | Top-1 Acc: 96.325% | Top-5 Acc: 0.000%
[52/264] Avg. Train Loss: 0.093 | Top-1 Acc: 96.506% | Top-5 Acc: 0.000%
[78/264] Avg. Train Loss: 0.097 | Top-1 Acc: 96.371% | Top-5 Acc: 0.000%
[104/264] Avg. Train Loss: 0.096 | Top-1 Acc: 96.443% | Top-5 Acc: 0.000%
[130/264] Avg. Train Loss: 0.095 | Top-1 Acc: 96.404% | Top-5 Acc: 0.000%
[156/264] Avg. Train Loss: 0.094 | Top-1 Acc: 96.377% | Top-5 Acc: 0.000%
[182/264] Avg. Train Loss: 0.093 | Top-1 Acc: 96.401% | Top-5 Acc: 0.000%
[208/264] Avg. Train Loss: 0.093 | Top-1 Acc: 96.415% | Top-5 Acc: 0.000%
[234/264] Avg. Train Loss: 0.092 | Top-1 Acc: 96.413% | Top-5 Acc: 0.000%
[260/264] Avg. Train Loss: 0.092 | Top-1 Acc: 96.399% | Top-5 Acc: 0.000%
Time for training epoch 5: 1.65 minutes
Avg. Val Loss: 0.011 | Top-1 Acc: 99.733% | Top-5 Acc: 0.000% | F1: 99.668%
Time for validation epoch 5: 0.34 minutes

Epoch: [7 | 20] LR: 0.0001
[0/264] Avg. Train Loss: 0.081 | Top-1 Acc: 95.312% | Top-5 Acc: 0.000%
[26/264] Avg. Train Loss: 0.099 | Top-1 Acc: 96.123% | Top-5 Acc: 0.000%
[52/264] Avg. Train Loss: 0.096 | Top-1 Acc: 96.256% | Top-5 Acc: 0.000%
[78/264] Avg. Train Loss: 0.092 | Top-1 Acc: 96.390% | Top-5 Acc: 0.000%
[104/264] Avg. Train Loss: 0.091 | Top-1 Acc: 96.540% | Top-5 Acc: 0.000%
[130/264] Avg. Train Loss: 0.091 | Top-1 Acc: 96.547% | Top-5 Acc: 0.000%
[156/264] Avg. Train Loss: 0.090 | Top-1 Acc: 96.621% | Top-5 Acc: 0.000%
[182/264] Avg. Train Loss: 0.090 | Top-1 Acc: 96.623% | Top-5 Acc: 0.000%
[208/264] Avg. Train Loss: 0.090 | Top-1 Acc: 96.583% | Top-5 Acc: 0.000%
[234/264] Avg. Train Loss: 0.091 | Top-1 Acc: 96.569% | Top-5 Acc: 0.000%
[260/264] Avg. Train Loss: 0.090 | Top-1 Acc: 96.594% | Top-5 Acc: 0.000%
Time for training epoch 6: 1.66 minutes
Avg. Val Loss: 0.009 | Top-1 Acc: 99.791% | Top-5 Acc: 0.000% | F1: 99.741%
Time for validation epoch 6: 0.34 minutes

Epoch: [8 | 20] LR: 0.0001
[0/264] Avg. Train Loss: 0.072 | Top-1 Acc: 96.875% | Top-5 Acc: 0.000%
[26/264] Avg. Train Loss: 0.087 | Top-1 Acc: 96.846% | Top-5 Acc: 0.000%
[52/264] Avg. Train Loss: 0.087 | Top-1 Acc: 96.654% | Top-5 Acc: 0.000%
[78/264] Avg. Train Loss: 0.087 | Top-1 Acc: 96.578% | Top-5 Acc: 0.000%
[104/264] Avg. Train Loss: 0.090 | Top-1 Acc: 96.570% | Top-5 Acc: 0.000%
[130/264] Avg. Train Loss: 0.090 | Top-1 Acc: 96.583% | Top-5 Acc: 0.000%
[156/264] Avg. Train Loss: 0.090 | Top-1 Acc: 96.581% | Top-5 Acc: 0.000%
[182/264] Avg. Train Loss: 0.091 | Top-1 Acc: 96.551% | Top-5 Acc: 0.000%
[208/264] Avg. Train Loss: 0.090 | Top-1 Acc: 96.602% | Top-5 Acc: 0.000%
[234/264] Avg. Train Loss: 0.089 | Top-1 Acc: 96.642% | Top-5 Acc: 0.000%
[260/264] Avg. Train Loss: 0.090 | Top-1 Acc: 96.659% | Top-5 Acc: 0.000%
Time for training epoch 7: 1.73 minutes
Avg. Val Loss: 0.024 | Top-1 Acc: 99.035% | Top-5 Acc: 0.000% | F1: 98.793%
Time for validation epoch 7: 0.35 minutes

Epoch: [9 | 20] LR: 0.0001
[0/264] Avg. Train Loss: 0.063 | Top-1 Acc: 97.656% | Top-5 Acc: 0.000%
[26/264] Avg. Train Loss: 0.094 | Top-1 Acc: 96.209% | Top-5 Acc: 0.000%
[52/264] Avg. Train Loss: 0.090 | Top-1 Acc: 96.462% | Top-5 Acc: 0.000%
[78/264] Avg. Train Loss: 0.089 | Top-1 Acc: 96.578% | Top-5 Acc: 0.000%
[104/264] Avg. Train Loss: 0.089 | Top-1 Acc: 96.562% | Top-5 Acc: 0.000%
[130/264] Avg. Train Loss: 0.089 | Top-1 Acc: 96.613% | Top-5 Acc: 0.000%
[156/264] Avg. Train Loss: 0.088 | Top-1 Acc: 96.626% | Top-5 Acc: 0.000%
[182/264] Avg. Train Loss: 0.089 | Top-1 Acc: 96.623% | Top-5 Acc: 0.000%
[208/264] Avg. Train Loss: 0.090 | Top-1 Acc: 96.561% | Top-5 Acc: 0.000%
[234/264] Avg. Train Loss: 0.089 | Top-1 Acc: 96.579% | Top-5 Acc: 0.000%
[260/264] Avg. Train Loss: 0.089 | Top-1 Acc: 96.603% | Top-5 Acc: 0.000%
Time for training epoch 8: 1.65 minutes
Avg. Val Loss: 0.010 | Top-1 Acc: 99.733% | Top-5 Acc: 0.000% | F1: 99.668%
Time for validation epoch 8: 0.34 minutes

Epoch: [10 | 20] LR: 1e-05
[0/264] Avg. Train Loss: 0.037 | Top-1 Acc: 99.219% | Top-5 Acc: 0.000%
[26/264] Avg. Train Loss: 0.079 | Top-1 Acc: 96.788% | Top-5 Acc: 0.000%
[52/264] Avg. Train Loss: 0.085 | Top-1 Acc: 96.551% | Top-5 Acc: 0.000%
[78/264] Avg. Train Loss: 0.083 | Top-1 Acc: 96.608% | Top-5 Acc: 0.000%
[104/264] Avg. Train Loss: 0.081 | Top-1 Acc: 96.786% | Top-5 Acc: 0.000%
[130/264] Avg. Train Loss: 0.086 | Top-1 Acc: 96.595% | Top-5 Acc: 0.000%
[156/264] Avg. Train Loss: 0.085 | Top-1 Acc: 96.676% | Top-5 Acc: 0.000%
[182/264] Avg. Train Loss: 0.085 | Top-1 Acc: 96.687% | Top-5 Acc: 0.000%
[208/264] Avg. Train Loss: 0.085 | Top-1 Acc: 96.688% | Top-5 Acc: 0.000%
[234/264] Avg. Train Loss: 0.085 | Top-1 Acc: 96.646% | Top-5 Acc: 0.000%
[260/264] Avg. Train Loss: 0.084 | Top-1 Acc: 96.692% | Top-5 Acc: 0.000%
Time for training epoch 9: 1.72 minutes
Avg. Val Loss: 0.013 | Top-1 Acc: 99.593% | Top-5 Acc: 0.000% | F1: 99.495%
Time for validation epoch 9: 0.34 minutes

Epoch: [11 | 20] LR: 1e-05
[0/264] Avg. Train Loss: 0.060 | Top-1 Acc: 97.656% | Top-5 Acc: 0.000%
[26/264] Avg. Train Loss: 0.089 | Top-1 Acc: 96.586% | Top-5 Acc: 0.000%
[52/264] Avg. Train Loss: 0.087 | Top-1 Acc: 96.610% | Top-5 Acc: 0.000%
[78/264] Avg. Train Loss: 0.084 | Top-1 Acc: 96.766% | Top-5 Acc: 0.000%
[104/264] Avg. Train Loss: 0.084 | Top-1 Acc: 96.771% | Top-5 Acc: 0.000%
[130/264] Avg. Train Loss: 0.083 | Top-1 Acc: 96.738% | Top-5 Acc: 0.000%
[156/264] Avg. Train Loss: 0.081 | Top-1 Acc: 96.840% | Top-5 Acc: 0.000%
[182/264] Avg. Train Loss: 0.082 | Top-1 Acc: 96.781% | Top-5 Acc: 0.000%
[208/264] Avg. Train Loss: 0.082 | Top-1 Acc: 96.744% | Top-5 Acc: 0.000%
[234/264] Avg. Train Loss: 0.082 | Top-1 Acc: 96.765% | Top-5 Acc: 0.000%
[260/264] Avg. Train Loss: 0.081 | Top-1 Acc: 96.779% | Top-5 Acc: 0.000%
Time for training epoch 10: 1.65 minutes
Avg. Val Loss: 0.008 | Top-1 Acc: 99.791% | Top-5 Acc: 0.000% | F1: 99.741%
Time for validation epoch 10: 0.34 minutes

Epoch: [12 | 20] LR: 1e-05
[0/264] Avg. Train Loss: 0.061 | Top-1 Acc: 96.875% | Top-5 Acc: 0.000%
[26/264] Avg. Train Loss: 0.076 | Top-1 Acc: 96.615% | Top-5 Acc: 0.000%
[52/264] Avg. Train Loss: 0.076 | Top-1 Acc: 96.816% | Top-5 Acc: 0.000%
[78/264] Avg. Train Loss: 0.076 | Top-1 Acc: 96.964% | Top-5 Acc: 0.000%
[104/264] Avg. Train Loss: 0.076 | Top-1 Acc: 96.927% | Top-5 Acc: 0.000%
[130/264] Avg. Train Loss: 0.079 | Top-1 Acc: 96.845% | Top-5 Acc: 0.000%
[156/264] Avg. Train Loss: 0.080 | Top-1 Acc: 96.810% | Top-5 Acc: 0.000%
[182/264] Avg. Train Loss: 0.082 | Top-1 Acc: 96.773% | Top-5 Acc: 0.000%
[208/264] Avg. Train Loss: 0.081 | Top-1 Acc: 96.767% | Top-5 Acc: 0.000%
[234/264] Avg. Train Loss: 0.082 | Top-1 Acc: 96.749% | Top-5 Acc: 0.000%
[260/264] Avg. Train Loss: 0.081 | Top-1 Acc: 96.812% | Top-5 Acc: 0.000%
Time for training epoch 11: 1.64 minutes
Avg. Val Loss: 0.013 | Top-1 Acc: 99.593% | Top-5 Acc: 0.000% | F1: 99.495%
Time for validation epoch 11: 0.34 minutes

Epoch: [13 | 20] LR: 1e-05
[0/264] Avg. Train Loss: 0.057 | Top-1 Acc: 97.656% | Top-5 Acc: 0.000%
[26/264] Avg. Train Loss: 0.081 | Top-1 Acc: 96.817% | Top-5 Acc: 0.000%
[52/264] Avg. Train Loss: 0.081 | Top-1 Acc: 96.831% | Top-5 Acc: 0.000%
[78/264] Avg. Train Loss: 0.081 | Top-1 Acc: 96.697% | Top-5 Acc: 0.000%
[104/264] Avg. Train Loss: 0.081 | Top-1 Acc: 96.786% | Top-5 Acc: 0.000%
[130/264] Avg. Train Loss: 0.081 | Top-1 Acc: 96.786% | Top-5 Acc: 0.000%
[156/264] Avg. Train Loss: 0.079 | Top-1 Acc: 96.865% | Top-5 Acc: 0.000%
[182/264] Avg. Train Loss: 0.078 | Top-1 Acc: 96.884% | Top-5 Acc: 0.000%
[208/264] Avg. Train Loss: 0.078 | Top-1 Acc: 96.864% | Top-5 Acc: 0.000%
[234/264] Avg. Train Loss: 0.080 | Top-1 Acc: 96.842% | Top-5 Acc: 0.000%
[260/264] Avg. Train Loss: 0.079 | Top-1 Acc: 96.884% | Top-5 Acc: 0.000%
Time for training epoch 12: 1.66 minutes
Avg. Val Loss: 0.015 | Top-1 Acc: 99.512% | Top-5 Acc: 0.000% | F1: 99.393%
Time for validation epoch 12: 0.34 minutes

Epoch: [14 | 20] LR: 1e-05
[0/264] Avg. Train Loss: 0.082 | Top-1 Acc: 94.531% | Top-5 Acc: 0.000%
[26/264] Avg. Train Loss: 0.080 | Top-1 Acc: 96.875% | Top-5 Acc: 0.000%
[52/264] Avg. Train Loss: 0.078 | Top-1 Acc: 96.875% | Top-5 Acc: 0.000%
[78/264] Avg. Train Loss: 0.077 | Top-1 Acc: 96.895% | Top-5 Acc: 0.000%
[104/264] Avg. Train Loss: 0.078 | Top-1 Acc: 96.935% | Top-5 Acc: 0.000%
[130/264] Avg. Train Loss: 0.079 | Top-1 Acc: 96.869% | Top-5 Acc: 0.000%
[156/264] Avg. Train Loss: 0.080 | Top-1 Acc: 96.885% | Top-5 Acc: 0.000%
[182/264] Avg. Train Loss: 0.080 | Top-1 Acc: 96.879% | Top-5 Acc: 0.000%
[208/264] Avg. Train Loss: 0.080 | Top-1 Acc: 96.868% | Top-5 Acc: 0.000%
[234/264] Avg. Train Loss: 0.080 | Top-1 Acc: 96.908% | Top-5 Acc: 0.000%
[260/264] Avg. Train Loss: 0.080 | Top-1 Acc: 96.887% | Top-5 Acc: 0.000%
Time for training epoch 13: 1.66 minutes
Avg. Val Loss: 0.009 | Top-1 Acc: 99.698% | Top-5 Acc: 0.000% | F1: 99.625%
Time for validation epoch 13: 0.34 minutes

Epoch: [15 | 20] LR: 1e-05
[0/264] Avg. Train Loss: 0.074 | Top-1 Acc: 96.094% | Top-5 Acc: 0.000%
[26/264] Avg. Train Loss: 0.071 | Top-1 Acc: 97.483% | Top-5 Acc: 0.000%
[52/264] Avg. Train Loss: 0.075 | Top-1 Acc: 97.155% | Top-5 Acc: 0.000%
[78/264] Avg. Train Loss: 0.075 | Top-1 Acc: 97.102% | Top-5 Acc: 0.000%
[104/264] Avg. Train Loss: 0.078 | Top-1 Acc: 96.972% | Top-5 Acc: 0.000%
[130/264] Avg. Train Loss: 0.076 | Top-1 Acc: 97.102% | Top-5 Acc: 0.000%
[156/264] Avg. Train Loss: 0.078 | Top-1 Acc: 97.034% | Top-5 Acc: 0.000%
[182/264] Avg. Train Loss: 0.077 | Top-1 Acc: 97.029% | Top-5 Acc: 0.000%
[208/264] Avg. Train Loss: 0.077 | Top-1 Acc: 97.047% | Top-5 Acc: 0.000%
[234/264] Avg. Train Loss: 0.077 | Top-1 Acc: 97.068% | Top-5 Acc: 0.000%
[260/264] Avg. Train Loss: 0.077 | Top-1 Acc: 97.055% | Top-5 Acc: 0.000%
Time for training epoch 14: 1.66 minutes
Avg. Val Loss: 0.010 | Top-1 Acc: 99.721% | Top-5 Acc: 0.000% | F1: 99.654%
Time for validation epoch 14: 0.34 minutes

Epoch: [16 | 20] LR: 1e-05
[0/264] Avg. Train Loss: 0.060 | Top-1 Acc: 97.656% | Top-5 Acc: 0.000%
[26/264] Avg. Train Loss: 0.075 | Top-1 Acc: 97.106% | Top-5 Acc: 0.000%
[52/264] Avg. Train Loss: 0.083 | Top-1 Acc: 96.934% | Top-5 Acc: 0.000%
[78/264] Avg. Train Loss: 0.083 | Top-1 Acc: 96.885% | Top-5 Acc: 0.000%
[104/264] Avg. Train Loss: 0.082 | Top-1 Acc: 96.830% | Top-5 Acc: 0.000%
[130/264] Avg. Train Loss: 0.084 | Top-1 Acc: 96.786% | Top-5 Acc: 0.000%
[156/264] Avg. Train Loss: 0.083 | Top-1 Acc: 96.780% | Top-5 Acc: 0.000%
[182/264] Avg. Train Loss: 0.082 | Top-1 Acc: 96.798% | Top-5 Acc: 0.000%
[208/264] Avg. Train Loss: 0.082 | Top-1 Acc: 96.770% | Top-5 Acc: 0.000%
[234/264] Avg. Train Loss: 0.080 | Top-1 Acc: 96.815% | Top-5 Acc: 0.000%
[260/264] Avg. Train Loss: 0.081 | Top-1 Acc: 96.830% | Top-5 Acc: 0.000%
Time for training epoch 15: 1.73 minutes
Avg. Val Loss: 0.010 | Top-1 Acc: 99.721% | Top-5 Acc: 0.000% | F1: 99.654%
Time for validation epoch 15: 0.34 minutes

Epoch: [17 | 20] LR: 1e-05
[0/264] Avg. Train Loss: 0.073 | Top-1 Acc: 96.875% | Top-5 Acc: 0.000%
[26/264] Avg. Train Loss: 0.071 | Top-1 Acc: 97.193% | Top-5 Acc: 0.000%
[52/264] Avg. Train Loss: 0.078 | Top-1 Acc: 96.993% | Top-5 Acc: 0.000%
[78/264] Avg. Train Loss: 0.076 | Top-1 Acc: 97.093% | Top-5 Acc: 0.000%
[104/264] Avg. Train Loss: 0.076 | Top-1 Acc: 97.039% | Top-5 Acc: 0.000%
[130/264] Avg. Train Loss: 0.078 | Top-1 Acc: 96.935% | Top-5 Acc: 0.000%
[156/264] Avg. Train Loss: 0.079 | Top-1 Acc: 96.875% | Top-5 Acc: 0.000%
[182/264] Avg. Train Loss: 0.079 | Top-1 Acc: 96.901% | Top-5 Acc: 0.000%
[208/264] Avg. Train Loss: 0.078 | Top-1 Acc: 96.931% | Top-5 Acc: 0.000%
[234/264] Avg. Train Loss: 0.078 | Top-1 Acc: 96.945% | Top-5 Acc: 0.000%
[260/264] Avg. Train Loss: 0.079 | Top-1 Acc: 96.962% | Top-5 Acc: 0.000%
Time for training epoch 16: 1.67 minutes
Avg. Val Loss: 0.009 | Top-1 Acc: 99.837% | Top-5 Acc: 0.000% | F1: 99.799%
Time for validation epoch 16: 0.34 minutes

Epoch: [18 | 20] LR: 1e-05
[0/264] Avg. Train Loss: 0.127 | Top-1 Acc: 94.531% | Top-5 Acc: 0.000%
[26/264] Avg. Train Loss: 0.079 | Top-1 Acc: 96.933% | Top-5 Acc: 0.000%
[52/264] Avg. Train Loss: 0.079 | Top-1 Acc: 96.949% | Top-5 Acc: 0.000%
[78/264] Avg. Train Loss: 0.081 | Top-1 Acc: 96.746% | Top-5 Acc: 0.000%
[104/264] Avg. Train Loss: 0.082 | Top-1 Acc: 96.667% | Top-5 Acc: 0.000%
[130/264] Avg. Train Loss: 0.081 | Top-1 Acc: 96.726% | Top-5 Acc: 0.000%
[156/264] Avg. Train Loss: 0.081 | Top-1 Acc: 96.736% | Top-5 Acc: 0.000%
[182/264] Avg. Train Loss: 0.081 | Top-1 Acc: 96.747% | Top-5 Acc: 0.000%
[208/264] Avg. Train Loss: 0.080 | Top-1 Acc: 96.793% | Top-5 Acc: 0.000%
[234/264] Avg. Train Loss: 0.080 | Top-1 Acc: 96.845% | Top-5 Acc: 0.000%
[260/264] Avg. Train Loss: 0.080 | Top-1 Acc: 96.815% | Top-5 Acc: 0.000%
Time for training epoch 17: 1.65 minutes
Avg. Val Loss: 0.010 | Top-1 Acc: 99.744% | Top-5 Acc: 0.000% | F1: 99.683%
Time for validation epoch 17: 0.34 minutes

Epoch: [19 | 20] LR: 1e-05
[0/264] Avg. Train Loss: 0.081 | Top-1 Acc: 96.094% | Top-5 Acc: 0.000%
[26/264] Avg. Train Loss: 0.080 | Top-1 Acc: 97.049% | Top-5 Acc: 0.000%
[52/264] Avg. Train Loss: 0.075 | Top-1 Acc: 97.111% | Top-5 Acc: 0.000%
[78/264] Avg. Train Loss: 0.075 | Top-1 Acc: 97.172% | Top-5 Acc: 0.000%
[104/264] Avg. Train Loss: 0.077 | Top-1 Acc: 97.009% | Top-5 Acc: 0.000%
[130/264] Avg. Train Loss: 0.076 | Top-1 Acc: 97.054% | Top-5 Acc: 0.000%
[156/264] Avg. Train Loss: 0.075 | Top-1 Acc: 97.029% | Top-5 Acc: 0.000%
[182/264] Avg. Train Loss: 0.075 | Top-1 Acc: 97.037% | Top-5 Acc: 0.000%
[208/264] Avg. Train Loss: 0.077 | Top-1 Acc: 97.010% | Top-5 Acc: 0.000%
[234/264] Avg. Train Loss: 0.078 | Top-1 Acc: 96.991% | Top-5 Acc: 0.000%
[260/264] Avg. Train Loss: 0.078 | Top-1 Acc: 96.971% | Top-5 Acc: 0.000%
Time for training epoch 18: 1.66 minutes
Avg. Val Loss: 0.018 | Top-1 Acc: 99.337% | Top-5 Acc: 0.000% | F1: 99.175%
Time for validation epoch 18: 0.34 minutes

Epoch: [20 | 20] LR: 1e-05
[0/264] Avg. Train Loss: 0.069 | Top-1 Acc: 96.875% | Top-5 Acc: 0.000%
[26/264] Avg. Train Loss: 0.067 | Top-1 Acc: 97.396% | Top-5 Acc: 0.000%
[52/264] Avg. Train Loss: 0.077 | Top-1 Acc: 96.978% | Top-5 Acc: 0.000%
[78/264] Avg. Train Loss: 0.076 | Top-1 Acc: 97.053% | Top-5 Acc: 0.000%
[104/264] Avg. Train Loss: 0.077 | Top-1 Acc: 96.987% | Top-5 Acc: 0.000%
[130/264] Avg. Train Loss: 0.078 | Top-1 Acc: 96.958% | Top-5 Acc: 0.000%
[156/264] Avg. Train Loss: 0.079 | Top-1 Acc: 96.865% | Top-5 Acc: 0.000%
[182/264] Avg. Train Loss: 0.080 | Top-1 Acc: 96.798% | Top-5 Acc: 0.000%
[208/264] Avg. Train Loss: 0.081 | Top-1 Acc: 96.767% | Top-5 Acc: 0.000%
[234/264] Avg. Train Loss: 0.081 | Top-1 Acc: 96.762% | Top-5 Acc: 0.000%
[260/264] Avg. Train Loss: 0.081 | Top-1 Acc: 96.779% | Top-5 Acc: 0.000%
Time for training epoch 19: 1.71 minutes
Avg. Val Loss: 0.015 | Top-1 Acc: 99.535% | Top-5 Acc: 0.000% | F1: 99.422%
Time for validation epoch 19: 0.34 minutes

Testing on best model...
Loaded best model /home/zhiyong/Git/dct-cryptonets/dct-cryptonets/checkpoint/faceforensic/resnet20_qat_dct_v2/best.tar (epoch 16)
Avg. Val Loss: 0.009 | Acc: 8588/8602 (99.84%) | F1: 99.799%
Avg. Test Loss: 0.009 | Acc: 8588/8602 (99.84%) | F1: 99.799%
Done
